========================================
\U0001f4c8 Tushare 实时行情 & 分时时间序列采集器已启动
频率: 每 5 分钟执行一次
存储: 同时同步到 Daily 缓存和 Intraday 序列数据库
========================================
[2026-02-02 22:38:04.912592] \U0001f634 非交易时间，跳过本次同步。
[2026-02-02 22:43:05.038646] \U0001f634 非交易时间，跳过本次同步。
[2026-02-02 22:48:05.174730] \U0001f634 非交易时间，跳过本次同步。
[2026-02-02 22:53:05.196489] \U0001f634 非交易时间，跳过本次同步。
[2026-02-02 22:58:05.370564] \U0001f634 非交易时间，跳过本次同步。
[2026-02-02 23:03:05.471177] \U0001f634 非交易时间，跳过本次同步。
[2026-02-02 23:08:05.615932] \U0001f634 非交易时间，跳过本次同步。
[2026-02-02 23:13:05.633819] \U0001f634 非交易时间，跳过本次同步。
[2026-02-02 23:18:05.773550] \U0001f634 非交易时间，跳过本次同步。
[2026-02-02 23:23:05.948301] \U0001f634 非交易时间，跳过本次同步。
[2026-02-02 23:28:05.975760] \U0001f634 非交易时间，跳过本次同步。
[2026-02-02 23:33:06.058291] \U0001f634 非交易时间，跳过本次同步。
[2026-02-02 23:38:06.140341] \U0001f634 非交易时间，跳过本次同步。
[2026-02-02 23:43:06.217374] \U0001f634 非交易时间，跳过本次同步。
[2026-02-02 23:48:06.471897] \U0001f634 非交易时间，跳过本次同步。
[2026-02-02 23:53:06.532838] \U0001f634 非交易时间，跳过本次同步。
[2026-02-02 23:58:06.709026] \U0001f634 非交易时间，跳过本次同步。
[2026-02-03 00:03:06.890396] \U0001f634 非交易时间，跳过本次同步。
[2026-02-03 00:08:07.071592] \U0001f634 非交易时间，跳过本次同步。
[2026-02-03 00:13:07.105461] \U0001f634 非交易时间，跳过本次同步。
[2026-02-03 00:18:07.178438] \U0001f634 非交易时间，跳过本次同步。
[2026-02-03 00:23:08.179188] \U0001f634 非交易时间，跳过本次同步。
[2026-02-03 00:28:09.154398] \U0001f634 非交易时间，跳过本次同步。
[2026-02-03 00:33:10.050164] \U0001f634 非交易时间，跳过本次同步。
[2026-02-03 00:38:11.049648] \U0001f634 非交易时间，跳过本次同步。
[2026-02-03 00:43:11.173140] \U0001f634 非交易时间，跳过本次同步。
[2026-02-03 00:48:11.213364] \U0001f634 非交易时间，跳过本次同步。
[2026-02-03 00:53:11.315786] \U0001f634 非交易时间，跳过本次同步。
[2026-02-03 00:58:11.473172] \U0001f634 非交易时间，跳过本次同步。
[2026-02-03 01:03:11.704115] \U0001f634 非交易时间，跳过本次同步。
[2026-02-03 01:08:11.775306] \U0001f634 非交易时间，跳过本次同步。
[2026-02-03 01:13:11.885658] \U0001f634 非交易时间，跳过本次同步。
[2026-02-03 01:18:12.021593] \U0001f634 非交易时间，跳过本次同步。
[2026-02-03 01:23:12.177131] \U0001f634 非交易时间，跳过本次同步。
[2026-02-03 01:28:12.371509] \U0001f634 非交易时间，跳过本次同步。
[2026-02-03 01:33:12.572734] \U0001f634 非交易时间，跳过本次同步。
[2026-02-03 01:38:12.770673] \U0001f634 非交易时间，跳过本次同步。
[2026-02-03 01:43:13.027694] \U0001f634 非交易时间，跳过本次同步。
[2026-02-03 01:48:13.170824] \U0001f634 非交易时间，跳过本次同步。
[2026-02-03 01:53:13.352632] \U0001f634 非交易时间，跳过本次同步。
[2026-02-03 01:58:13.622888] \U0001f634 非交易时间，跳过本次同步。
[2026-02-03 02:03:13.823448] \U0001f634 非交易时间，跳过本次同步。
[2026-02-03 02:08:13.960146] \U0001f634 非交易时间，跳过本次同步。
[2026-02-03 02:13:14.094351] \U0001f634 非交易时间，跳过本次同步。
[2026-02-03 02:18:15.092355] \U0001f634 非交易时间，跳过本次同步。
[2026-02-03 02:23:16.082486] \U0001f634 非交易时间，跳过本次同步。
[2026-02-03 02:28:16.139158] \U0001f634 非交易时间，跳过本次同步。
[2026-02-03 02:33:16.243270] \U0001f634 非交易时间，跳过本次同步。
[2026-02-03 02:38:16.313590] \U0001f634 非交易时间，跳过本次同步。
[2026-02-03 02:43:16.500418] \U0001f634 非交易时间，跳过本次同步。
[2026-02-03 02:48:16.705427] \U0001f634 非交易时间，跳过本次同步。
[2026-02-03 02:53:16.935022] \U0001f634 非交易时间，跳过本次同步。
[2026-02-03 02:58:17.091181] \U0001f634 非交易时间，跳过本次同步。
[2026-02-03 03:03:17.441333] \U0001f634 非交易时间，跳过本次同步。
[2026-02-03 03:08:17.609934] \U0001f634 非交易时间，跳过本次同步。
[2026-02-03 03:13:17.861948] \U0001f634 非交易时间，跳过本次同步。
[2026-02-03 03:18:17.984566] \U0001f634 非交易时间，跳过本次同步。
[2026-02-03 03:23:18.242543] \U0001f634 非交易时间，跳过本次同步。
[2026-02-03 03:28:18.406554] \U0001f634 非交易时间，跳过本次同步。
[2026-02-03 03:33:18.410045] \U0001f634 非交易时间，跳过本次同步。
[2026-02-03 03:38:18.559063] \U0001f634 非交易时间，跳过本次同步。
[2026-02-03 03:43:18.666892] \U0001f634 非交易时间，跳过本次同步。
[2026-02-03 03:48:18.818354] \U0001f634 非交易时间，跳过本次同步。
[2026-02-03 03:53:18.985358] \U0001f634 非交易时间，跳过本次同步。
[2026-02-03 03:58:19.167628] \U0001f634 非交易时间，跳过本次同步。
[2026-02-03 04:03:19.369417] \U0001f634 非交易时间，跳过本次同步。
[2026-02-03 04:08:19.590874] \U0001f634 非交易时间，跳过本次同步。
[2026-02-03 04:13:19.609376] \U0001f634 非交易时间，跳过本次同步。
[2026-02-03 04:18:20.578356] \U0001f634 非交易时间，跳过本次同步。
[2026-02-03 04:23:20.649969] \U0001f634 非交易时间，跳过本次同步。
[2026-02-03 04:28:21.592139] \U0001f634 非交易时间，跳过本次同步。
[2026-02-03 04:33:21.697035] \U0001f634 非交易时间，跳过本次同步。
[2026-02-03 04:38:22.549523] \U0001f634 非交易时间，跳过本次同步。
[2026-02-03 04:43:22.717614] \U0001f634 非交易时间，跳过本次同步。
[2026-02-03 04:48:22.844659] \U0001f634 非交易时间，跳过本次同步。
[2026-02-03 04:53:22.925083] \U0001f634 非交易时间，跳过本次同步。
[2026-02-03 04:58:23.005525] \U0001f634 非交易时间，跳过本次同步。
[2026-02-03 05:03:23.155480] \U0001f634 非交易时间，跳过本次同步。
[2026-02-03 05:08:23.302723] \U0001f634 非交易时间，跳过本次同步。
[2026-02-03 05:13:23.466649] \U0001f634 非交易时间，跳过本次同步。
[2026-02-03 05:18:23.612847] \U0001f634 非交易时间，跳过本次同步。
[2026-02-03 05:23:23.760390] \U0001f634 非交易时间，跳过本次同步。
[2026-02-03 05:28:23.967614] \U0001f634 非交易时间，跳过本次同步。
[2026-02-03 05:33:24.042068] \U0001f634 非交易时间，跳过本次同步。
[2026-02-03 05:38:24.169311] \U0001f634 非交易时间，跳过本次同步。
[2026-02-03 05:43:24.312361] \U0001f634 非交易时间，跳过本次同步。
[2026-02-03 05:48:24.453219] \U0001f634 非交易时间，跳过本次同步。
[2026-02-03 05:53:24.594692] \U0001f634 非交易时间，跳过本次同步。
[2026-02-03 05:58:24.633658] \U0001f634 非交易时间，跳过本次同步。
[2026-02-03 06:03:24.725884] \U0001f634 非交易时间，跳过本次同步。
[2026-02-03 06:08:24.948213] \U0001f634 非交易时间，跳过本次同步。
[2026-02-03 06:13:25.050833] \U0001f634 非交易时间，跳过本次同步。
[2026-02-03 06:18:26.037380] \U0001f634 非交易时间，跳过本次同步。
[2026-02-03 06:23:26.987578] \U0001f634 非交易时间，跳过本次同步。
[2026-02-03 06:28:27.991237] \U0001f634 非交易时间，跳过本次同步。
[2026-02-03 06:33:28.920581] \U0001f634 非交易时间，跳过本次同步。
[2026-02-03 06:38:29.896634] \U0001f634 非交易时间，跳过本次同步。
[2026-02-03 06:43:30.029302] \U0001f634 非交易时间，跳过本次同步。
[2026-02-03 06:48:30.291403] \U0001f634 非交易时间，跳过本次同步。
[2026-02-03 06:53:30.469423] \U0001f634 非交易时间，跳过本次同步。
[2026-02-03 06:58:30.874219] \U0001f634 非交易时间，跳过本次同步。
[2026-02-03 07:03:31.097271] \U0001f634 非交易时间，跳过本次同步。
[2026-02-03 07:08:31.253185] \U0001f634 非交易时间，跳过本次同步。
[2026-02-03 07:13:31.379105] \U0001f634 非交易时间，跳过本次同步。
[2026-02-03 07:18:31.592034] \U0001f634 非交易时间，跳过本次同步。
[2026-02-03 07:23:31.880369] \U0001f634 非交易时间，跳过本次同步。
[2026-02-03 07:28:32.026166] \U0001f634 非交易时间，跳过本次同步。
[2026-02-03 07:33:32.214920] \U0001f634 非交易时间，跳过本次同步。
[2026-02-03 07:38:32.361350] \U0001f634 非交易时间，跳过本次同步。
[2026-02-03 07:43:32.493136] \U0001f634 非交易时间，跳过本次同步。
[2026-02-03 07:48:32.653825] \U0001f634 非交易时间，跳过本次同步。
[2026-02-03 07:53:32.836841] \U0001f634 非交易时间，跳过本次同步。
[2026-02-03 07:58:32.957536] \U0001f634 非交易时间，跳过本次同步。
[2026-02-03 08:03:33.249652] \U0001f634 非交易时间，跳过本次同步。
[2026-02-03 08:08:33.340086] \U0001f634 非交易时间，跳过本次同步。
[2026-02-03 08:13:33.412594] \U0001f634 非交易时间，跳过本次同步。
[2026-02-03 08:18:33.492385] \U0001f634 非交易时间，跳过本次同步。
[2026-02-03 08:23:33.727173] \U0001f634 非交易时间，跳过本次同步。
[2026-02-03 08:28:33.768649] \U0001f634 非交易时间，跳过本次同步。
[2026-02-03 08:33:33.769202] \U0001f634 非交易时间，跳过本次同步。
[2026-02-03 08:38:34.034084] \U0001f634 非交易时间，跳过本次同步。
[2026-02-03 08:43:34.308400] \U0001f634 非交易时间，跳过本次同步。
[2026-02-03 08:48:34.535593] \U0001f634 非交易时间，跳过本次同步。
[2026-02-03 08:53:34.750272] \U0001f634 非交易时间，跳过本次同步。
[2026-02-03 08:58:34.985783] \U0001f634 非交易时间，跳过本次同步。
[2026-02-03 09:03:35.267313] \U0001f634 非交易时间，跳过本次同步。
[2026-02-03 09:08:35.441406] \U0001f634 非交易时间，跳过本次同步。
[2026-02-03 09:13:35.772547] \U0001f634 非交易时间，跳过本次同步。
[2026-02-03 09:18:35.844681] \U0001f634 非交易时间，跳过本次同步。
[2026-02-03 09:23:36.135571] \U0001f634 非交易时间，跳过本次同步。
[2026-02-03 09:28:36.277078] \U0001f680 开始同步实时日线数据 (Time: 09:28:36)...
  \U0001f4e5 正在抓取批次: 6*.SH...
  \u2705 6*.SH: 日线更新=2303, 分时序列=2303
  \U0001f4e5 正在抓取批次: 0*.SZ...
  \u2705 0*.SZ: 日线更新=1491, 分时序列=1491
  \U0001f4e5 正在抓取批次: 3*.SZ...
  \u2705 3*.SZ: 日线更新=1393, 分时序列=1393
[2026-02-03 09:28:41.694509] \u2728 同步完成！累计日线更新 5187 条，分时序列新增 5187 条。
[2026-02-03 09:33:41.732990] \U0001f680 开始同步实时日线数据 (Time: 09:33:41)...
  \U0001f4e5 正在抓取批次: 6*.SH...
  \u2705 6*.SH: 日线更新=2303, 分时序列=2303
  \U0001f4e5 正在抓取批次: 0*.SZ...
  \u2705 0*.SZ: 日线更新=1491, 分时序列=1491
  \U0001f4e5 正在抓取批次: 3*.SZ...
  \u2705 3*.SZ: 日线更新=1393, 分时序列=1393
[2026-02-03 09:33:52.280195] \u2728 同步完成！累计日线更新 5187 条，分时序列新增 5187 条。
[2026-02-03 09:38:52.335247] \U0001f680 开始同步实时日线数据 (Time: 09:38:52)...
  \U0001f4e5 正在抓取批次: 6*.SH...
  \u2705 6*.SH: 日线更新=2303, 分时序列=2303
  \U0001f4e5 正在抓取批次: 0*.SZ...
  \u2705 0*.SZ: 日线更新=1491, 分时序列=1491
  \U0001f4e5 正在抓取批次: 3*.SZ...
  \u2705 3*.SZ: 日线更新=1393, 分时序列=1393
[2026-02-03 09:38:57.845884] \u2728 同步完成！累计日线更新 5187 条，分时序列新增 5187 条。
[2026-02-03 09:43:57.921345] \U0001f680 开始同步实时日线数据 (Time: 09:43:57)...
  \U0001f4e5 正在抓取批次: 6*.SH...
  \u2705 6*.SH: 日线更新=2303, 分时序列=2303
  \U0001f4e5 正在抓取批次: 0*.SZ...
  \u2705 0*.SZ: 日线更新=1491, 分时序列=1491
  \U0001f4e5 正在抓取批次: 3*.SZ...
  \u2705 3*.SZ: 日线更新=1393, 分时序列=1393
[2026-02-03 09:44:03.679204] \u2728 同步完成！累计日线更新 5187 条，分时序列新增 5187 条。
[2026-02-03 09:49:03.829280] \U0001f680 开始同步实时日线数据 (Time: 09:49:03)...
  \U0001f4e5 正在抓取批次: 6*.SH...
  \u2705 6*.SH: 日线更新=2303, 分时序列=2303
  \U0001f4e5 正在抓取批次: 0*.SZ...
  \u2705 0*.SZ: 日线更新=1491, 分时序列=1491
  \U0001f4e5 正在抓取批次: 3*.SZ...
  \u2705 3*.SZ: 日线更新=1393, 分时序列=1393
[2026-02-03 09:49:10.376106] \u2728 同步完成！累计日线更新 5187 条，分时序列新增 5187 条。
[2026-02-03 09:54:10.503791] \U0001f680 开始同步实时日线数据 (Time: 09:54:10)...
  \U0001f4e5 正在抓取批次: 6*.SH...
  \u2705 6*.SH: 日线更新=2303, 分时序列=2303
  \U0001f4e5 正在抓取批次: 0*.SZ...
  \u2705 0*.SZ: 日线更新=1491, 分时序列=1491
  \U0001f4e5 正在抓取批次: 3*.SZ...
  \u2705 3*.SZ: 日线更新=1393, 分时序列=1393
[2026-02-03 09:54:15.796518] \u2728 同步完成！累计日线更新 5187 条，分时序列新增 5187 条。
[2026-02-03 09:59:16.036011] \U0001f680 开始同步实时日线数据 (Time: 09:59:16)...
  \U0001f4e5 正在抓取批次: 6*.SH...
  \u2705 6*.SH: 日线更新=2303, 分时序列=2303
  \U0001f4e5 正在抓取批次: 0*.SZ...
  \u2705 0*.SZ: 日线更新=1491, 分时序列=1491
  \U0001f4e5 正在抓取批次: 3*.SZ...
  \u2705 3*.SZ: 日线更新=1393, 分时序列=1393
[2026-02-03 09:59:21.257670] \u2728 同步完成！累计日线更新 5187 条，分时序列新增 5187 条。
[2026-02-03 10:04:21.347597] \U0001f680 开始同步实时日线数据 (Time: 10:04:21)...
  \U0001f4e5 正在抓取批次: 6*.SH...
  \u2705 6*.SH: 日线更新=2303, 分时序列=2303
  \U0001f4e5 正在抓取批次: 0*.SZ...
  \u2705 0*.SZ: 日线更新=1491, 分时序列=1491
  \U0001f4e5 正在抓取批次: 3*.SZ...
  \u2705 3*.SZ: 日线更新=1393, 分时序列=1393
[2026-02-03 10:04:26.837953] \u2728 同步完成！累计日线更新 5187 条，分时序列新增 5187 条。
[2026-02-03 10:09:26.958550] \U0001f680 开始同步实时日线数据 (Time: 10:09:26)...
  \U0001f4e5 正在抓取批次: 6*.SH...
  \u2705 6*.SH: 日线更新=2303, 分时序列=2303
  \U0001f4e5 正在抓取批次: 0*.SZ...
  \u2705 0*.SZ: 日线更新=1491, 分时序列=1491
  \U0001f4e5 正在抓取批次: 3*.SZ...
  \u2705 3*.SZ: 日线更新=1393, 分时序列=1393
[2026-02-03 10:09:32.585353] \u2728 同步完成！累计日线更新 5187 条，分时序列新增 5187 条。
[2026-02-03 10:14:33.550246] \U0001f680 开始同步实时日线数据 (Time: 10:14:33)...
  \U0001f4e5 正在抓取批次: 6*.SH...
  \u2705 6*.SH: 日线更新=2303, 分时序列=2303
  \U0001f4e5 正在抓取批次: 0*.SZ...
  \u2705 0*.SZ: 日线更新=1491, 分时序列=1491
  \U0001f4e5 正在抓取批次: 3*.SZ...
  \u26a0\ufe0f 抓取批次 3*.SZ 失败 (尝试 1/3): ('Connection aborted.', RemoteDisconnected('Remote end closed connection without response'))
     等待 5 秒后重试...
  \U0001f4e5 正在抓取批次: 3*.SZ... (重试 1)
  \u2705 3*.SZ: 日线更新=1393, 分时序列=1393
[2026-02-03 10:15:02.505439] \u2728 同步完成！累计日线更新 5187 条，分时序列新增 5187 条。
[2026-02-03 10:20:03.449097] \U0001f680 开始同步实时日线数据 (Time: 10:20:03)...
  \U0001f4e5 正在抓取批次: 6*.SH...
  \u2705 6*.SH: 日线更新=2303, 分时序列=2303
  \U0001f4e5 正在抓取批次: 0*.SZ...
  \u2705 0*.SZ: 日线更新=1491, 分时序列=1491
  \U0001f4e5 正在抓取批次: 3*.SZ...
  \u2705 3*.SZ: 日线更新=1393, 分时序列=1393
[2026-02-03 10:20:24.950361] \u2728 同步完成！累计日线更新 5187 条，分时序列新增 5187 条。
[2026-02-03 10:25:25.831501] \U0001f680 开始同步实时日线数据 (Time: 10:25:25)...
  \U0001f4e5 正在抓取批次: 6*.SH...
  \u2705 6*.SH: 日线更新=2303, 分时序列=2303
  \U0001f4e5 正在抓取批次: 0*.SZ...
  \u2705 0*.SZ: 日线更新=1491, 分时序列=1491
  \U0001f4e5 正在抓取批次: 3*.SZ...
  \u2705 3*.SZ: 日线更新=1393, 分时序列=1393
[2026-02-03 10:25:31.218804] \u2728 同步完成！累计日线更新 5187 条，分时序列新增 5187 条。
[2026-02-03 10:30:32.179448] \U0001f680 开始同步实时日线数据 (Time: 10:30:32)...
  \U0001f4e5 正在抓取批次: 6*.SH...
  \u2705 6*.SH: 日线更新=2303, 分时序列=2303
  \U0001f4e5 正在抓取批次: 0*.SZ...
  \u2705 0*.SZ: 日线更新=1491, 分时序列=1491
  \U0001f4e5 正在抓取批次: 3*.SZ...
  \u2705 3*.SZ: 日线更新=1393, 分时序列=1393
[2026-02-03 10:30:37.775185] \u2728 同步完成！累计日线更新 5187 条，分时序列新增 5187 条。
[2026-02-03 10:35:38.779948] \U0001f680 开始同步实时日线数据 (Time: 10:35:38)...
  \U0001f4e5 正在抓取批次: 6*.SH...
  \u2705 6*.SH: 日线更新=2303, 分时序列=2303
  \U0001f4e5 正在抓取批次: 0*.SZ...
  \u2705 0*.SZ: 日线更新=1491, 分时序列=1491
  \U0001f4e5 正在抓取批次: 3*.SZ...
  \u2705 3*.SZ: 日线更新=1393, 分时序列=1393
[2026-02-03 10:35:47.379129] \u2728 同步完成！累计日线更新 5187 条，分时序列新增 5187 条。
[2026-02-03 10:40:47.507216] \U0001f680 开始同步实时日线数据 (Time: 10:40:47)...
  \U0001f4e5 正在抓取批次: 6*.SH...
  \u2705 6*.SH: 日线更新=2303, 分时序列=2303
  \U0001f4e5 正在抓取批次: 0*.SZ...
  \u2705 0*.SZ: 日线更新=1491, 分时序列=1491
  \U0001f4e5 正在抓取批次: 3*.SZ...
  \u2705 3*.SZ: 日线更新=1393, 分时序列=1393
[2026-02-03 10:40:55.452196] \u2728 同步完成！累计日线更新 5187 条，分时序列新增 5187 条。
[2026-02-03 10:45:55.536723] \U0001f680 开始同步实时日线数据 (Time: 10:45:55)...
  \U0001f4e5 正在抓取批次: 6*.SH...
  \u2705 6*.SH: 日线更新=2303, 分时序列=2303
  \U0001f4e5 正在抓取批次: 0*.SZ...
  \u2705 0*.SZ: 日线更新=1491, 分时序列=1491
  \U0001f4e5 正在抓取批次: 3*.SZ...
  \u2705 3*.SZ: 日线更新=1393, 分时序列=1393
[2026-02-03 10:46:00.869043] \u2728 同步完成！累计日线更新 5187 条，分时序列新增 5187 条。
[2026-02-03 10:51:00.883657] \U0001f680 开始同步实时日线数据 (Time: 10:51:00)...
  \U0001f4e5 正在抓取批次: 6*.SH...
  \u2705 6*.SH: 日线更新=2303, 分时序列=2303
  \U0001f4e5 正在抓取批次: 0*.SZ...
  \u2705 0*.SZ: 日线更新=1491, 分时序列=1491
  \U0001f4e5 正在抓取批次: 3*.SZ...
  \u2705 3*.SZ: 日线更新=1393, 分时序列=1393
[2026-02-03 10:51:06.278566] \u2728 同步完成！累计日线更新 5187 条，分时序列新增 5187 条。
[2026-02-03 10:56:06.342385] \U0001f680 开始同步实时日线数据 (Time: 10:56:06)...
  \U0001f4e5 正在抓取批次: 6*.SH...
  \u2705 6*.SH: 日线更新=2303, 分时序列=2303
  \U0001f4e5 正在抓取批次: 0*.SZ...
  \u2705 0*.SZ: 日线更新=1491, 分时序列=1491
  \U0001f4e5 正在抓取批次: 3*.SZ...
  \u2705 3*.SZ: 日线更新=1393, 分时序列=1393
[2026-02-03 10:56:18.129888] \u2728 同步完成！累计日线更新 5187 条，分时序列新增 5187 条。
[2026-02-03 11:01:18.269673] \U0001f680 开始同步实时日线数据 (Time: 11:01:18)...
  \U0001f4e5 正在抓取批次: 6*.SH...
  \u2705 6*.SH: 日线更新=2303, 分时序列=2303
  \U0001f4e5 正在抓取批次: 0*.SZ...
  \u2705 0*.SZ: 日线更新=1491, 分时序列=1491
  \U0001f4e5 正在抓取批次: 3*.SZ...
  \u2705 3*.SZ: 日线更新=1393, 分时序列=1393
[2026-02-03 11:01:27.383310] \u2728 同步完成！累计日线更新 5187 条，分时序列新增 5187 条。
[2026-02-03 11:06:28.382022] \U0001f680 开始同步实时日线数据 (Time: 11:06:28)...
  \U0001f4e5 正在抓取批次: 6*.SH...
  \u2705 6*.SH: 日线更新=2303, 分时序列=2303
  \U0001f4e5 正在抓取批次: 0*.SZ...
  \u2705 0*.SZ: 日线更新=1491, 分时序列=1491
  \U0001f4e5 正在抓取批次: 3*.SZ...
  \u2705 3*.SZ: 日线更新=1393, 分时序列=1393
[2026-02-03 11:06:33.785425] \u2728 同步完成！累计日线更新 5187 条，分时序列新增 5187 条。
[2026-02-03 11:11:33.829785] \U0001f680 开始同步实时日线数据 (Time: 11:11:33)...
  \U0001f4e5 正在抓取批次: 6*.SH...
  \u2705 6*.SH: 日线更新=2303, 分时序列=2303
  \U0001f4e5 正在抓取批次: 0*.SZ...
  \u2705 0*.SZ: 日线更新=1491, 分时序列=1491
  \U0001f4e5 正在抓取批次: 3*.SZ...
  \u2705 3*.SZ: 日线更新=1393, 分时序列=1393
[2026-02-03 11:11:39.886094] \u2728 同步完成！累计日线更新 5187 条，分时序列新增 5187 条。
[2026-02-03 11:16:40.015273] \U0001f680 开始同步实时日线数据 (Time: 11:16:40)...
  \U0001f4e5 正在抓取批次: 6*.SH...
  \u2705 6*.SH: 日线更新=2303, 分时序列=2303
  \U0001f4e5 正在抓取批次: 0*.SZ...
  \u2705 0*.SZ: 日线更新=1491, 分时序列=1491
  \U0001f4e5 正在抓取批次: 3*.SZ...
  \u2705 3*.SZ: 日线更新=1393, 分时序列=1393
[2026-02-03 11:16:45.523722] \u2728 同步完成！累计日线更新 5187 条，分时序列新增 5187 条。
[2026-02-03 11:21:45.569955] \U0001f680 开始同步实时日线数据 (Time: 11:21:45)...
  \U0001f4e5 正在抓取批次: 6*.SH...
  \u2705 6*.SH: 日线更新=2303, 分时序列=2303
  \U0001f4e5 正在抓取批次: 0*.SZ...
  \u2705 0*.SZ: 日线更新=1491, 分时序列=1491
  \U0001f4e5 正在抓取批次: 3*.SZ...
  \u2705 3*.SZ: 日线更新=1393, 分时序列=1393
[2026-02-03 11:21:51.059224] \u2728 同步完成！累计日线更新 5187 条，分时序列新增 5187 条。
[2026-02-03 11:26:51.160964] \U0001f680 开始同步实时日线数据 (Time: 11:26:51)...
  \U0001f4e5 正在抓取批次: 6*.SH...
  \u2705 6*.SH: 日线更新=2303, 分时序列=2303
  \U0001f4e5 正在抓取批次: 0*.SZ...
  \u2705 0*.SZ: 日线更新=1491, 分时序列=1491
  \U0001f4e5 正在抓取批次: 3*.SZ...
  \u2705 3*.SZ: 日线更新=1393, 分时序列=1393
[2026-02-03 11:26:56.570144] \u2728 同步完成！累计日线更新 5187 条，分时序列新增 5187 条。
[2026-02-03 11:31:57.572181] \U0001f680 开始同步实时日线数据 (Time: 11:31:57)...
  \U0001f4e5 正在抓取批次: 6*.SH...
  \u2705 6*.SH: 日线更新=2303, 分时序列=2303
  \U0001f4e5 正在抓取批次: 0*.SZ...
  \u2705 0*.SZ: 日线更新=1491, 分时序列=1491
  \U0001f4e5 正在抓取批次: 3*.SZ...
  \u2705 3*.SZ: 日线更新=1393, 分时序列=1393
[2026-02-03 11:32:06.991840] \u2728 同步完成！累计日线更新 5187 条，分时序列新增 5187 条。
[2026-02-03 11:37:07.150286] \U0001f634 非交易时间，跳过本次同步。
[2026-02-03 11:42:07.337793] \U0001f634 非交易时间，跳过本次同步。
[2026-02-03 11:47:07.513450] \U0001f634 非交易时间，跳过本次同步。
[2026-02-03 11:52:07.687202] \U0001f634 非交易时间，跳过本次同步。
[2026-02-03 11:57:07.805664] \U0001f634 非交易时间，跳过本次同步。
[2026-02-03 12:02:07.923058] \U0001f634 非交易时间，跳过本次同步。
[2026-02-03 12:07:08.073055] \U0001f634 非交易时间，跳过本次同步。
[2026-02-03 12:12:08.097081] \U0001f634 非交易时间，跳过本次同步。
[2026-02-03 12:17:08.144709] \U0001f634 非交易时间，跳过本次同步。
[2026-02-03 12:22:08.291983] \U0001f634 非交易时间，跳过本次同步。
[2026-02-03 12:27:08.338353] \U0001f634 非交易时间，跳过本次同步。
[2026-02-03 12:32:08.395215] \U0001f634 非交易时间，跳过本次同步。
[2026-02-03 12:37:09.160111] \U0001f634 非交易时间，跳过本次同步。
[2026-02-03 12:42:09.194822] \U0001f634 非交易时间，跳过本次同步。
[2026-02-03 12:47:09.510016] \U0001f634 非交易时间，跳过本次同步。
[2026-02-03 12:52:10.481872] \U0001f634 非交易时间，跳过本次同步。
[2026-02-03 12:57:10.709390] \U0001f634 非交易时间，跳过本次同步。
[2026-02-03 13:02:11.647989] \U0001f680 开始同步实时日线数据 (Time: 13:02:11)...
  \U0001f4e5 正在抓取批次: 6*.SH...
  \u2705 6*.SH: 日线更新=2303, 分时序列=2303
  \U0001f4e5 正在抓取批次: 0*.SZ...
  \u2705 0*.SZ: 日线更新=1491, 分时序列=1491
  \U0001f4e5 正在抓取批次: 3*.SZ...
  \u2705 3*.SZ: 日线更新=1393, 分时序列=1393
[2026-02-03 13:02:17.139138] \u2728 同步完成！累计日线更新 5187 条，分时序列新增 5187 条。
[2026-02-03 13:07:17.954675] \U0001f680 开始同步实时日线数据 (Time: 13:07:17)...
  \U0001f4e5 正在抓取批次: 6*.SH...
  \u26a0\ufe0f 抓取批次 6*.SH 失败 (尝试 1/3): ('Connection aborted.', RemoteDisconnected('Remote end closed connection without response'))
     等待 5 秒后重试...
  \U0001f4e5 正在抓取批次: 6*.SH... (重试 1)
  \u2705 6*.SH: 日线更新=2303, 分时序列=2303
  \U0001f4e5 正在抓取批次: 0*.SZ...
  \u2705 0*.SZ: 日线更新=1491, 分时序列=1491
  \U0001f4e5 正在抓取批次: 3*.SZ...
  \u2705 3*.SZ: 日线更新=1393, 分时序列=1393
[2026-02-03 13:07:39.103324] \u2728 同步完成！累计日线更新 5187 条，分时序列新增 5187 条。
[2026-02-03 13:12:39.161890] \U0001f680 开始同步实时日线数据 (Time: 13:12:39)...
  \U0001f4e5 正在抓取批次: 6*.SH...
  \u2705 6*.SH: 日线更新=2303, 分时序列=2303
  \U0001f4e5 正在抓取批次: 0*.SZ...
  \u2705 0*.SZ: 日线更新=1491, 分时序列=1491
  \U0001f4e5 正在抓取批次: 3*.SZ...
  \u2705 3*.SZ: 日线更新=1393, 分时序列=1393
[2026-02-03 13:12:45.387129] \u2728 同步完成！累计日线更新 5187 条，分时序列新增 5187 条。
[2026-02-03 13:17:45.814823] \U0001f680 开始同步实时日线数据 (Time: 13:17:45)...
  \U0001f4e5 正在抓取批次: 6*.SH...
  \u2705 6*.SH: 日线更新=2303, 分时序列=2303
  \U0001f4e5 正在抓取批次: 0*.SZ...
  \u2705 0*.SZ: 日线更新=1491, 分时序列=1491
  \U0001f4e5 正在抓取批次: 3*.SZ...
  \u2705 3*.SZ: 日线更新=1393, 分时序列=1393
[2026-02-03 13:17:52.367532] \u2728 同步完成！累计日线更新 5187 条，分时序列新增 5187 条。
[2026-02-03 13:22:52.442600] \U0001f680 开始同步实时日线数据 (Time: 13:22:52)...
  \U0001f4e5 正在抓取批次: 6*.SH...
  \u2705 6*.SH: 日线更新=2303, 分时序列=2303
  \U0001f4e5 正在抓取批次: 0*.SZ...
  \u2705 0*.SZ: 日线更新=1491, 分时序列=1491
  \U0001f4e5 正在抓取批次: 3*.SZ...
  \u2705 3*.SZ: 日线更新=1393, 分时序列=1393
[2026-02-03 13:22:58.919768] \u2728 同步完成！累计日线更新 5187 条，分时序列新增 5187 条。
[2026-02-03 13:27:59.882102] \U0001f680 开始同步实时日线数据 (Time: 13:27:59)...
  \U0001f4e5 正在抓取批次: 6*.SH...
  \u2705 6*.SH: 日线更新=2303, 分时序列=2303
  \U0001f4e5 正在抓取批次: 0*.SZ...
  \u2705 0*.SZ: 日线更新=1491, 分时序列=1491
  \U0001f4e5 正在抓取批次: 3*.SZ...
  \u2705 3*.SZ: 日线更新=1393, 分时序列=1393
[2026-02-03 13:28:05.289221] \u2728 同步完成！累计日线更新 5187 条，分时序列新增 5187 条。
[2026-02-03 13:33:06.270784] \U0001f680 开始同步实时日线数据 (Time: 13:33:06)...
  \U0001f4e5 正在抓取批次: 6*.SH...
  \u2705 6*.SH: 日线更新=2303, 分时序列=2303
  \U0001f4e5 正在抓取批次: 0*.SZ...
  \u2705 0*.SZ: 日线更新=1491, 分时序列=1491
  \U0001f4e5 正在抓取批次: 3*.SZ...
  \u2705 3*.SZ: 日线更新=1393, 分时序列=1393
[2026-02-03 13:33:12.127165] \u2728 同步完成！累计日线更新 5187 条，分时序列新增 5187 条。
[2026-02-03 13:38:13.083357] \U0001f680 开始同步实时日线数据 (Time: 13:38:13)...
  \U0001f4e5 正在抓取批次: 6*.SH...
  \u2705 6*.SH: 日线更新=2303, 分时序列=2303
  \U0001f4e5 正在抓取批次: 0*.SZ...
  \u2705 0*.SZ: 日线更新=1491, 分时序列=1491
  \U0001f4e5 正在抓取批次: 3*.SZ...
  \u2705 3*.SZ: 日线更新=1393, 分时序列=1393
[2026-02-03 13:38:19.041333] \u2728 同步完成！累计日线更新 5187 条，分时序列新增 5187 条。
[2026-02-03 13:43:19.045014] \U0001f680 开始同步实时日线数据 (Time: 13:43:19)...
  \U0001f4e5 正在抓取批次: 6*.SH...
  \u2705 6*.SH: 日线更新=2303, 分时序列=2303
  \U0001f4e5 正在抓取批次: 0*.SZ...
  \u2705 0*.SZ: 日线更新=1491, 分时序列=1491
  \U0001f4e5 正在抓取批次: 3*.SZ...
  \u2705 3*.SZ: 日线更新=1393, 分时序列=1393
[2026-02-03 13:43:24.965180] \u2728 同步完成！累计日线更新 5187 条，分时序列新增 5187 条。
[2026-02-03 13:48:25.008174] \U0001f680 开始同步实时日线数据 (Time: 13:48:25)...
  \U0001f4e5 正在抓取批次: 6*.SH...
  \u2705 6*.SH: 日线更新=2303, 分时序列=2303
  \U0001f4e5 正在抓取批次: 0*.SZ...
  \u2705 0*.SZ: 日线更新=1491, 分时序列=1491
  \U0001f4e5 正在抓取批次: 3*.SZ...
  \u2705 3*.SZ: 日线更新=1393, 分时序列=1393
[2026-02-03 13:48:30.922634] \u2728 同步完成！累计日线更新 5187 条，分时序列新增 5187 条。
[2026-02-03 13:53:30.956437] \U0001f680 开始同步实时日线数据 (Time: 13:53:30)...
  \U0001f4e5 正在抓取批次: 6*.SH...
  \u2705 6*.SH: 日线更新=2303, 分时序列=2303
  \U0001f4e5 正在抓取批次: 0*.SZ...
  \u2705 0*.SZ: 日线更新=1491, 分时序列=1491
  \U0001f4e5 正在抓取批次: 3*.SZ...
  \u2705 3*.SZ: 日线更新=1393, 分时序列=1393
[2026-02-03 13:53:36.960013] \u2728 同步完成！累计日线更新 5187 条，分时序列新增 5187 条。
[2026-02-03 13:58:37.929031] \U0001f680 开始同步实时日线数据 (Time: 13:58:37)...
  \U0001f4e5 正在抓取批次: 6*.SH...
  \u2705 6*.SH: 日线更新=2303, 分时序列=2303
  \U0001f4e5 正在抓取批次: 0*.SZ...
  \u2705 0*.SZ: 日线更新=1491, 分时序列=1491
  \U0001f4e5 正在抓取批次: 3*.SZ...
  \u2705 3*.SZ: 日线更新=1393, 分时序列=1393
[2026-02-03 13:58:43.798675] \u2728 同步完成！累计日线更新 5187 条，分时序列新增 5187 条。
[2026-02-03 14:03:44.724139] \U0001f680 开始同步实时日线数据 (Time: 14:03:44)...
  \U0001f4e5 正在抓取批次: 6*.SH...
  \u2705 6*.SH: 日线更新=2303, 分时序列=2303
  \U0001f4e5 正在抓取批次: 0*.SZ...
  \u2705 0*.SZ: 日线更新=1491, 分时序列=1491
  \U0001f4e5 正在抓取批次: 3*.SZ...
  \u2705 3*.SZ: 日线更新=1393, 分时序列=1393
[2026-02-03 14:03:50.687117] \u2728 同步完成！累计日线更新 5187 条，分时序列新增 5187 条。
[2026-02-03 14:08:50.771581] \U0001f680 开始同步实时日线数据 (Time: 14:08:50)...
  \U0001f4e5 正在抓取批次: 6*.SH...
  \u2705 6*.SH: 日线更新=2303, 分时序列=2303
  \U0001f4e5 正在抓取批次: 0*.SZ...
  \u2705 0*.SZ: 日线更新=1491, 分时序列=1491
  \U0001f4e5 正在抓取批次: 3*.SZ...
  \u2705 3*.SZ: 日线更新=1393, 分时序列=1393
[2026-02-03 14:08:56.728175] \u2728 同步完成！累计日线更新 5187 条，分时序列新增 5187 条。
[2026-02-03 14:13:57.717475] \U0001f680 开始同步实时日线数据 (Time: 14:13:57)...
  \U0001f4e5 正在抓取批次: 6*.SH...
  \u2705 6*.SH: 日线更新=2303, 分时序列=2303
  \U0001f4e5 正在抓取批次: 0*.SZ...
  \u2705 0*.SZ: 日线更新=1491, 分时序列=1491
  \U0001f4e5 正在抓取批次: 3*.SZ...
  \u2705 3*.SZ: 日线更新=1393, 分时序列=1393
[2026-02-03 14:14:03.603193] \u2728 同步完成！累计日线更新 5187 条，分时序列新增 5187 条。
[2026-02-03 14:19:04.589249] \U0001f680 开始同步实时日线数据 (Time: 14:19:04)...
  \U0001f4e5 正在抓取批次: 6*.SH...
  \u2705 6*.SH: 日线更新=2303, 分时序列=2303
  \U0001f4e5 正在抓取批次: 0*.SZ...
  \u2705 0*.SZ: 日线更新=1491, 分时序列=1491
  \U0001f4e5 正在抓取批次: 3*.SZ...
  \u2705 3*.SZ: 日线更新=1393, 分时序列=1393
[2026-02-03 14:19:10.285644] \u2728 同步完成！累计日线更新 5187 条，分时序列新增 5187 条。
[2026-02-03 14:24:10.327850] \U0001f680 开始同步实时日线数据 (Time: 14:24:10)...
  \U0001f4e5 正在抓取批次: 6*.SH...
  \u2705 6*.SH: 日线更新=2303, 分时序列=2303
  \U0001f4e5 正在抓取批次: 0*.SZ...
  \u2705 0*.SZ: 日线更新=1491, 分时序列=1491
  \U0001f4e5 正在抓取批次: 3*.SZ...
  \u2705 3*.SZ: 日线更新=1393, 分时序列=1393
[2026-02-03 14:24:18.540374] \u2728 同步完成！累计日线更新 5187 条，分时序列新增 5187 条。
[2026-02-03 14:29:18.611235] \U0001f680 开始同步实时日线数据 (Time: 14:29:18)...
  \U0001f4e5 正在抓取批次: 6*.SH...
  \u2705 6*.SH: 日线更新=2303, 分时序列=2303
  \U0001f4e5 正在抓取批次: 0*.SZ...
  \u26a0\ufe0f 抓取批次 0*.SZ 失败 (尝试 1/3): ('Connection aborted.', RemoteDisconnected('Remote end closed connection without response'))
     等待 5 秒后重试...
  \U0001f4e5 正在抓取批次: 0*.SZ... (重试 1)
  \u2705 0*.SZ: 日线更新=1491, 分时序列=1491
  \U0001f4e5 正在抓取批次: 3*.SZ...
  \u26a0\ufe0f 抓取批次 3*.SZ 失败 (尝试 1/3): ('Connection aborted.', RemoteDisconnected('Remote end closed connection without response'))
     等待 5 秒后重试...
  \U0001f4e5 正在抓取批次: 3*.SZ... (重试 1)
  \u2705 3*.SZ: 日线更新=1393, 分时序列=1393
[2026-02-03 14:29:55.071972] \u2728 同步完成！累计日线更新 5187 条，分时序列新增 5187 条。
[2026-02-03 14:34:55.077759] \U0001f680 开始同步实时日线数据 (Time: 14:34:55)...
  \U0001f4e5 正在抓取批次: 6*.SH...
  \u2705 6*.SH: 日线更新=2303, 分时序列=2303
  \U0001f4e5 正在抓取批次: 0*.SZ...
  \u2705 0*.SZ: 日线更新=1491, 分时序列=1491
  \U0001f4e5 正在抓取批次: 3*.SZ...
  \u2705 3*.SZ: 日线更新=1393, 分时序列=1393
[2026-02-03 14:35:01.121622] \u2728 同步完成！累计日线更新 5187 条，分时序列新增 5187 条。
[2026-02-03 14:40:01.217424] \U0001f680 开始同步实时日线数据 (Time: 14:40:01)...
  \U0001f4e5 正在抓取批次: 6*.SH...
  \u2705 6*.SH: 日线更新=2303, 分时序列=2303
  \U0001f4e5 正在抓取批次: 0*.SZ...
  \u2705 0*.SZ: 日线更新=1491, 分时序列=1491
  \U0001f4e5 正在抓取批次: 3*.SZ...
  \u2705 3*.SZ: 日线更新=1393, 分时序列=1393
[2026-02-03 14:40:07.756229] \u2728 同步完成！累计日线更新 5187 条，分时序列新增 5187 条。
[2026-02-03 14:45:07.926578] \U0001f680 开始同步实时日线数据 (Time: 14:45:07)...
  \U0001f4e5 正在抓取批次: 6*.SH...
  \u2705 6*.SH: 日线更新=2303, 分时序列=2303
  \U0001f4e5 正在抓取批次: 0*.SZ...
  \u2705 0*.SZ: 日线更新=1491, 分时序列=1491
  \U0001f4e5 正在抓取批次: 3*.SZ...
  \u2705 3*.SZ: 日线更新=1393, 分时序列=1393
[2026-02-03 14:45:19.672460] \u2728 同步完成！累计日线更新 5187 条，分时序列新增 5187 条。
[2026-02-03 14:50:19.875147] \U0001f680 开始同步实时日线数据 (Time: 14:50:19)...
  \U0001f4e5 正在抓取批次: 6*.SH...
  \u2705 6*.SH: 日线更新=2303, 分时序列=2303
  \U0001f4e5 正在抓取批次: 0*.SZ...
  \u2705 0*.SZ: 日线更新=1491, 分时序列=1491
  \U0001f4e5 正在抓取批次: 3*.SZ...
  \u2705 3*.SZ: 日线更新=1393, 分时序列=1393
[2026-02-03 14:50:25.913087] \u2728 同步完成！累计日线更新 5187 条，分时序列新增 5187 条。
[2026-02-03 14:55:26.023565] \U0001f680 开始同步实时日线数据 (Time: 14:55:26)...
  \U0001f4e5 正在抓取批次: 6*.SH...
  \u2705 6*.SH: 日线更新=2303, 分时序列=2303
  \U0001f4e5 正在抓取批次: 0*.SZ...
  \u2705 0*.SZ: 日线更新=1491, 分时序列=1491
  \U0001f4e5 正在抓取批次: 3*.SZ...
  \u2705 3*.SZ: 日线更新=1393, 分时序列=1393
[2026-02-03 14:55:33.476960] \u2728 同步完成！累计日线更新 5187 条，分时序列新增 5187 条。
[2026-02-03 15:00:33.631057] \U0001f680 开始同步实时日线数据 (Time: 15:00:33)...
  \U0001f4e5 正在抓取批次: 6*.SH...
  \u2705 6*.SH: 日线更新=2303, 分时序列=2303
  \U0001f4e5 正在抓取批次: 0*.SZ...
  \u2705 0*.SZ: 日线更新=1491, 分时序列=1491
  \U0001f4e5 正在抓取批次: 3*.SZ...
  \u2705 3*.SZ: 日线更新=1393, 分时序列=1393
[2026-02-03 15:00:38.694163] \u2728 同步完成！累计日线更新 5187 条，分时序列新增 5187 条。
[2026-02-03 15:05:38.978135] \U0001f680 开始同步实时日线数据 (Time: 15:05:38)...
  \U0001f4e5 正在抓取批次: 6*.SH...
  \u2705 6*.SH: 日线更新=2303, 分时序列=2303
  \U0001f4e5 正在抓取批次: 0*.SZ...
  \u2705 0*.SZ: 日线更新=1491, 分时序列=1491
  \U0001f4e5 正在抓取批次: 3*.SZ...
  \u2705 3*.SZ: 日线更新=1393, 分时序列=1393
[2026-02-03 15:05:44.429211] \u2728 同步完成！累计日线更新 5187 条，分时序列新增 5187 条。
[2026-02-03 15:10:44.673880] \U0001f634 非交易时间，跳过本次同步。
[2026-02-03 15:15:44.916665] \U0001f634 非交易时间，跳过本次同步。
[2026-02-03 15:20:45.198358] \U0001f634 非交易时间，跳过本次同步。
[2026-02-03 15:25:45.408198] \U0001f634 非交易时间，跳过本次同步。
[2026-02-03 15:30:45.742421] \U0001f634 非交易时间，跳过本次同步。
[2026-02-03 15:35:46.003427] \U0001f634 非交易时间，跳过本次同步。
[2026-02-03 15:40:46.295126] \U0001f634 非交易时间，跳过本次同步。
[2026-02-03 15:45:46.394592] \U0001f634 非交易时间，跳过本次同步。
[2026-02-03 15:50:46.643136] \U0001f634 非交易时间，跳过本次同步。
[2026-02-03 15:55:46.745652] \U0001f634 非交易时间，跳过本次同步。
[2026-02-03 16:00:47.074606] \U0001f634 非交易时间，跳过本次同步。
[2026-02-03 16:05:47.278781] \U0001f634 非交易时间，跳过本次同步。
[2026-02-03 16:10:47.694483] \U0001f634 非交易时间，跳过本次同步。
[2026-02-03 16:15:47.789424] \U0001f634 非交易时间，跳过本次同步。
[2026-02-03 16:20:47.890342] \U0001f634 非交易时间，跳过本次同步。
[2026-02-03 16:25:48.024233] \U0001f634 非交易时间，跳过本次同步。
[2026-02-03 16:30:48.155077] \U0001f634 非交易时间，跳过本次同步。
[2026-02-03 16:35:48.308068] \U0001f634 非交易时间，跳过本次同步。
[2026-02-03 16:40:48.497155] \U0001f634 非交易时间，跳过本次同步。
[2026-02-03 16:45:48.832311] \U0001f634 非交易时间，跳过本次同步。
[2026-02-03 16:50:48.955258] \U0001f634 非交易时间，跳过本次同步。
[2026-02-03 16:55:49.272946] \U0001f634 非交易时间，跳过本次同步。
[2026-02-03 17:00:49.618694] \U0001f634 非交易时间，跳过本次同步。
[2026-02-03 17:05:49.964750] \U0001f634 非交易时间，跳过本次同步。
[2026-02-03 17:10:50.143366] \U0001f634 非交易时间，跳过本次同步。
[2026-02-03 17:15:50.382219] \U0001f634 非交易时间，跳过本次同步。
[2026-02-03 17:20:50.586567] \U0001f634 非交易时间，跳过本次同步。
[2026-02-03 17:25:50.673062] \U0001f634 非交易时间，跳过本次同步。
[2026-02-03 17:30:50.964248] \U0001f634 非交易时间，跳过本次同步。
[2026-02-03 17:35:51.253189] \U0001f634 非交易时间，跳过本次同步。
[2026-02-03 17:40:51.593008] \U0001f634 非交易时间，跳过本次同步。
[2026-02-03 17:45:51.986612] \U0001f634 非交易时间，跳过本次同步。
[2026-02-03 17:50:52.390080] \U0001f634 非交易时间，跳过本次同步。
[2026-02-03 17:55:52.545572] \U0001f634 非交易时间，跳过本次同步。
[2026-02-03 18:00:52.952184] \U0001f634 非交易时间，跳过本次同步。
[2026-02-03 18:05:53.338461] \U0001f634 非交易时间，跳过本次同步。
[2026-02-03 18:10:53.508288] \U0001f634 非交易时间，跳过本次同步。
[2026-02-03 18:15:53.608179] \U0001f634 非交易时间，跳过本次同步。
[2026-02-03 18:20:53.845165] \U0001f634 非交易时间，跳过本次同步。
[2026-02-03 18:25:53.972991] \U0001f634 非交易时间，跳过本次同步。
[2026-02-03 18:30:54.057351] \U0001f634 非交易时间，跳过本次同步。
[2026-02-03 18:35:54.244256] \U0001f634 非交易时间，跳过本次同步。
[2026-02-03 18:40:54.444401] \U0001f634 非交易时间，跳过本次同步。
[2026-02-03 18:45:54.681097] \U0001f634 非交易时间，跳过本次同步。
[2026-02-03 18:50:54.931220] \U0001f634 非交易时间，跳过本次同步。
[2026-02-03 18:55:55.250735] \U0001f634 非交易时间，跳过本次同步。
[2026-02-03 19:00:55.538153] \U0001f634 非交易时间，跳过本次同步。
[2026-02-03 19:05:55.765151] \U0001f634 非交易时间，跳过本次同步。
[2026-02-03 19:10:56.159046] \U0001f634 非交易时间，跳过本次同步。
[2026-02-03 19:15:56.360586] \U0001f634 非交易时间，跳过本次同步。
[2026-02-03 19:20:56.458271] \U0001f634 非交易时间，跳过本次同步。
[2026-02-03 19:25:56.790203] \U0001f634 非交易时间，跳过本次同步。
[2026-02-03 19:30:57.051164] \U0001f634 非交易时间，跳过本次同步。
[2026-02-03 19:35:57.383820] \U0001f634 非交易时间，跳过本次同步。
[2026-02-03 19:40:57.733205] \U0001f634 非交易时间，跳过本次同步。
[2026-02-03 19:45:57.991162] \U0001f634 非交易时间，跳过本次同步。
[2026-02-03 19:50:58.280954] \U0001f634 非交易时间，跳过本次同步。
[2026-02-03 19:55:58.591126] \U0001f634 非交易时间，跳过本次同步。
[2026-02-03 20:00:58.845210] \U0001f634 非交易时间，跳过本次同步。
[2026-02-03 20:05:59.093412] \U0001f634 非交易时间，跳过本次同步。
[2026-02-03 20:10:59.278216] \U0001f634 非交易时间，跳过本次同步。
[2026-02-03 20:15:59.466007] \U0001f634 非交易时间，跳过本次同步。
[2026-02-03 20:20:59.596321] \U0001f634 非交易时间，跳过本次同步。
[2026-02-03 20:25:59.703210] \U0001f634 非交易时间，跳过本次同步。
[2026-02-03 20:30:59.831931] \U0001f634 非交易时间，跳过本次同步。
[2026-02-03 20:35:59.975786] \U0001f634 非交易时间，跳过本次同步。
[2026-02-03 20:41:00.099895] \U0001f634 非交易时间，跳过本次同步。
[2026-02-03 20:46:00.272583] \U0001f634 非交易时间，跳过本次同步。
[2026-02-03 20:51:00.530849] \U0001f634 非交易时间，跳过本次同步。
[2026-02-03 20:56:00.672705] \U0001f634 非交易时间，跳过本次同步。
[2026-02-03 21:01:00.921163] \U0001f634 非交易时间，跳过本次同步。
[2026-02-03 21:06:01.103224] \U0001f634 非交易时间，跳过本次同步。
[2026-02-03 21:11:01.326312] \U0001f634 非交易时间，跳过本次同步。
[2026-02-03 21:16:01.478281] \U0001f634 非交易时间，跳过本次同步。
[2026-02-03 21:21:01.916802] \U0001f634 非交易时间，跳过本次同步。
[2026-02-03 21:26:02.167237] \U0001f634 非交易时间，跳过本次同步。
[2026-02-03 21:31:02.498294] \U0001f634 非交易时间，跳过本次同步。
[2026-02-03 21:36:02.768901] \U0001f634 非交易时间，跳过本次同步。
[2026-02-03 21:41:03.024658] \U0001f634 非交易时间，跳过本次同步。
[2026-02-03 21:46:03.237911] \U0001f634 非交易时间，跳过本次同步。
[2026-02-03 21:51:03.533068] \U0001f634 非交易时间，跳过本次同步。
[2026-02-03 21:56:03.764721] \U0001f634 非交易时间，跳过本次同步。
[2026-02-03 22:01:04.046365] \U0001f634 非交易时间，跳过本次同步。
[2026-02-03 22:06:04.281168] \U0001f634 非交易时间，跳过本次同步。
[2026-02-03 22:11:04.486718] \U0001f634 非交易时间，跳过本次同步。
[2026-02-03 22:16:04.690518] \U0001f634 非交易时间，跳过本次同步。
[2026-02-03 22:21:04.866223] \U0001f634 非交易时间，跳过本次同步。
[2026-02-03 22:26:04.979401] \U0001f634 非交易时间，跳过本次同步。
[2026-02-03 22:31:05.178346] \U0001f634 非交易时间，跳过本次同步。
[2026-02-03 22:36:05.347221] \U0001f634 非交易时间，跳过本次同步。
[2026-02-03 22:41:05.484317] \U0001f634 非交易时间，跳过本次同步。
[2026-02-03 22:46:05.722611] \U0001f634 非交易时间，跳过本次同步。
[2026-02-03 22:51:06.711256] \U0001f634 非交易时间，跳过本次同步。
[2026-02-03 22:56:07.623245] \U0001f634 非交易时间，跳过本次同步。
[2026-02-03 23:01:08.469052] \U0001f634 非交易时间，跳过本次同步。
[2026-02-03 23:06:08.553284] \U0001f634 非交易时间，跳过本次同步。
[2026-02-03 23:11:09.325311] \U0001f634 非交易时间，跳过本次同步。
[2026-02-03 23:16:10.022204] \U0001f634 非交易时间，跳过本次同步。
[2026-02-03 23:21:10.812620] \U0001f634 非交易时间，跳过本次同步。
[2026-02-03 23:26:11.555581] \U0001f634 非交易时间，跳过本次同步。
[2026-02-03 23:31:12.535933] \U0001f634 非交易时间，跳过本次同步。
[2026-02-03 23:36:13.514796] \U0001f634 非交易时间，跳过本次同步。
[2026-02-03 23:41:14.354355] \U0001f634 非交易时间，跳过本次同步。
[2026-02-03 23:46:15.304244] \U0001f634 非交易时间，跳过本次同步。
[2026-02-03 23:51:16.179830] \U0001f634 非交易时间，跳过本次同步。
[2026-02-03 23:56:17.110829] \U0001f634 非交易时间，跳过本次同步。
[2026-02-04 00:01:17.961259] \U0001f634 非交易时间，跳过本次同步。
