========================================
\U0001f4c8 Tushare 实时行情 & 分时时间序列采集器已启动
频率: 每 5 分钟执行一次
存储: 同时同步到 Daily 缓存和 Intraday 序列数据库
========================================
[2026-02-02 22:25:46.619343] \U0001f634 非交易时间，跳过本次同步。
[2026-02-02 22:30:47.308202] \U0001f634 非交易时间，跳过本次同步。
[2026-02-02 22:35:48.309227] \U0001f634 非交易时间，跳过本次同步。
[2026-02-02 22:40:49.154258] \U0001f634 非交易时间，跳过本次同步。
[2026-02-02 22:45:49.366094] \U0001f634 非交易时间，跳过本次同步。
[2026-02-02 22:50:49.444077] \U0001f634 非交易时间，跳过本次同步。
[2026-02-02 22:55:49.580066] \U0001f634 非交易时间，跳过本次同步。
[2026-02-02 23:00:49.744595] \U0001f634 非交易时间，跳过本次同步。
[2026-02-02 23:05:49.790344] \U0001f634 非交易时间，跳过本次同步。
[2026-02-02 23:10:49.925039] \U0001f634 非交易时间，跳过本次同步。
[2026-02-02 23:15:50.103192] \U0001f634 非交易时间，跳过本次同步。
[2026-02-02 23:20:50.230868] \U0001f634 非交易时间，跳过本次同步。
[2026-02-02 23:25:50.349225] \U0001f634 非交易时间，跳过本次同步。
[2026-02-02 23:30:50.462612] \U0001f634 非交易时间，跳过本次同步。
[2026-02-02 23:35:50.645400] \U0001f634 非交易时间，跳过本次同步。
[2026-02-02 23:40:50.746107] \U0001f634 非交易时间，跳过本次同步。
[2026-02-02 23:45:50.809314] \U0001f634 非交易时间，跳过本次同步。
[2026-02-02 23:50:50.959891] \U0001f634 非交易时间，跳过本次同步。
[2026-02-02 23:55:51.136231] \U0001f634 非交易时间，跳过本次同步。
[2026-02-03 00:00:51.364866] \U0001f634 非交易时间，跳过本次同步。
[2026-02-03 00:05:51.499437] \U0001f634 非交易时间，跳过本次同步。
[2026-02-03 00:10:51.590940] \U0001f634 非交易时间，跳过本次同步。
[2026-02-03 00:15:51.631430] \U0001f634 非交易时间，跳过本次同步。
[2026-02-03 00:20:51.632711] \U0001f634 非交易时间，跳过本次同步。
[2026-02-03 00:25:52.534623] \U0001f634 非交易时间，跳过本次同步。
[2026-02-03 00:30:53.395140] \U0001f634 非交易时间，跳过本次同步。
[2026-02-03 00:35:53.463893] \U0001f634 非交易时间，跳过本次同步。
[2026-02-03 00:40:53.531986] \U0001f634 非交易时间，跳过本次同步。
[2026-02-03 00:45:53.635086] \U0001f634 非交易时间，跳过本次同步。
[2026-02-03 00:50:53.698280] \U0001f634 非交易时间，跳过本次同步。
[2026-02-03 00:55:53.879293] \U0001f634 非交易时间，跳过本次同步。
[2026-02-03 01:00:54.046666] \U0001f634 非交易时间，跳过本次同步。
[2026-02-03 01:05:54.119238] \U0001f634 非交易时间，跳过本次同步。
[2026-02-03 01:10:54.173034] \U0001f634 非交易时间，跳过本次同步。
[2026-02-03 01:15:54.390366] \U0001f634 非交易时间，跳过本次同步。
[2026-02-03 01:20:54.532274] \U0001f634 非交易时间，跳过本次同步。
[2026-02-03 01:25:54.652777] \U0001f634 非交易时间，跳过本次同步。
[2026-02-03 01:30:54.813240] \U0001f634 非交易时间，跳过本次同步。
[2026-02-03 01:35:55.018827] \U0001f634 非交易时间，跳过本次同步。
[2026-02-03 01:40:55.142159] \U0001f634 非交易时间，跳过本次同步。
[2026-02-03 01:45:55.331613] \U0001f634 非交易时间，跳过本次同步。
[2026-02-03 01:50:55.626400] \U0001f634 非交易时间，跳过本次同步。
[2026-02-03 01:55:55.797134] \U0001f634 非交易时间，跳过本次同步。
[2026-02-03 02:00:56.031406] \U0001f634 非交易时间，跳过本次同步。
[2026-02-03 02:05:56.236895] \U0001f634 非交易时间，跳过本次同步。
[2026-02-03 02:10:56.292220] \U0001f634 非交易时间，跳过本次同步。
[2026-02-03 02:15:56.321173] \U0001f634 非交易时间，跳过本次同步。
[2026-02-03 02:20:57.286070] \U0001f634 非交易时间，跳过本次同步。
[2026-02-03 02:25:57.302281] \U0001f634 非交易时间，跳过本次同步。
[2026-02-03 02:30:57.371585] \U0001f634 非交易时间，跳过本次同步。
[2026-02-03 02:35:57.431293] \U0001f634 非交易时间，跳过本次同步。
[2026-02-03 02:40:57.550266] \U0001f634 非交易时间，跳过本次同步。
[2026-02-03 02:45:57.693997] \U0001f634 非交易时间，跳过本次同步。
[2026-02-03 02:50:57.909093] \U0001f634 非交易时间，跳过本次同步。
[2026-02-03 02:55:58.119755] \U0001f634 非交易时间，跳过本次同步。
[2026-02-03 03:00:58.270567] \U0001f634 非交易时间，跳过本次同步。
[2026-02-03 03:05:58.531315] \U0001f634 非交易时间，跳过本次同步。
[2026-02-03 03:10:58.673298] \U0001f634 非交易时间，跳过本次同步。
[2026-02-03 03:15:58.888116] \U0001f634 非交易时间，跳过本次同步。
[2026-02-03 03:20:59.131638] \U0001f634 非交易时间，跳过本次同步。
[2026-02-03 03:25:59.301064] \U0001f634 非交易时间，跳过本次同步。
[2026-02-03 03:30:59.381346] \U0001f634 非交易时间，跳过本次同步。
[2026-02-03 03:35:59.587047] \U0001f634 非交易时间，跳过本次同步。
[2026-02-03 03:40:59.708157] \U0001f634 非交易时间，跳过本次同步。
[2026-02-03 03:45:59.795980] \U0001f634 非交易时间，跳过本次同步。
[2026-02-03 03:51:00.019643] \U0001f634 非交易时间，跳过本次同步。
[2026-02-03 03:56:00.241340] \U0001f634 非交易时间，跳过本次同步。
[2026-02-03 04:01:00.447973] \U0001f634 非交易时间，跳过本次同步。
[2026-02-03 04:06:00.699485] \U0001f634 非交易时间，跳过本次同步。
[2026-02-03 04:11:00.882203] \U0001f634 非交易时间，跳过本次同步。
[2026-02-03 04:16:00.923803] \U0001f634 非交易时间，跳过本次同步。
[2026-02-03 04:21:01.068177] \U0001f634 非交易时间，跳过本次同步。
[2026-02-03 04:26:01.072841] \U0001f634 非交易时间，跳过本次同步。
[2026-02-03 04:31:02.067429] \U0001f634 非交易时间，跳过本次同步。
[2026-02-03 04:36:03.015763] \U0001f634 非交易时间，跳过本次同步。
[2026-02-03 04:41:03.067226] \U0001f634 非交易时间，跳过本次同步。
[2026-02-03 04:46:03.150426] \U0001f634 非交易时间，跳过本次同步。
[2026-02-03 04:51:03.289127] \U0001f634 非交易时间，跳过本次同步。
[2026-02-03 04:56:03.362231] \U0001f634 非交易时间，跳过本次同步。
[2026-02-03 05:01:03.473672] \U0001f634 非交易时间，跳过本次同步。
[2026-02-03 05:06:03.666258] \U0001f634 非交易时间，跳过本次同步。
[2026-02-03 05:11:03.797267] \U0001f634 非交易时间，跳过本次同步。
[2026-02-03 05:16:03.902003] \U0001f634 非交易时间，跳过本次同步。
[2026-02-03 05:21:04.046278] \U0001f634 非交易时间，跳过本次同步。
[2026-02-03 05:26:04.224951] \U0001f634 非交易时间，跳过本次同步。
[2026-02-03 05:31:04.375053] \U0001f634 非交易时间，跳过本次同步。
[2026-02-03 05:36:04.454088] \U0001f634 非交易时间，跳过本次同步。
[2026-02-03 05:41:04.714993] \U0001f634 非交易时间，跳过本次同步。
[2026-02-03 05:46:04.833289] \U0001f634 非交易时间，跳过本次同步。
[2026-02-03 05:51:04.954375] \U0001f634 非交易时间，跳过本次同步。
[2026-02-03 05:56:05.044192] \U0001f634 非交易时间，跳过本次同步。
[2026-02-03 06:01:05.141343] \U0001f634 非交易时间，跳过本次同步。
[2026-02-03 06:06:05.270784] \U0001f634 非交易时间，跳过本次同步。
[2026-02-03 06:11:05.297875] \U0001f634 非交易时间，跳过本次同步。
[2026-02-03 06:16:05.331907] \U0001f634 非交易时间，跳过本次同步。
[2026-02-03 06:21:05.387189] \U0001f634 非交易时间，跳过本次同步。
[2026-02-03 06:26:06.345335] \U0001f634 非交易时间，跳过本次同步。
[2026-02-03 06:31:06.389465] \U0001f634 非交易时间，跳过本次同步。
[2026-02-03 06:36:07.357499] \U0001f634 非交易时间，跳过本次同步。
[2026-02-03 06:41:07.422396] \U0001f634 非交易时间，跳过本次同步。
[2026-02-03 06:46:07.699374] \U0001f634 非交易时间，跳过本次同步。
[2026-02-03 06:51:07.965063] \U0001f634 非交易时间，跳过本次同步。
[2026-02-03 06:56:08.248631] \U0001f634 非交易时间，跳过本次同步。
[2026-02-03 07:01:08.553270] \U0001f634 非交易时间，跳过本次同步。
[2026-02-03 07:06:08.644218] \U0001f634 非交易时间，跳过本次同步。
[2026-02-03 07:11:08.826949] \U0001f634 非交易时间，跳过本次同步。
[2026-02-03 07:16:09.008142] \U0001f634 非交易时间，跳过本次同步。
[2026-02-03 07:21:09.161257] \U0001f634 非交易时间，跳过本次同步。
[2026-02-03 07:26:09.335004] \U0001f634 非交易时间，跳过本次同步。
[2026-02-03 07:31:09.635609] \U0001f634 非交易时间，跳过本次同步。
[2026-02-03 07:36:09.891012] \U0001f634 非交易时间，跳过本次同步。
[2026-02-03 07:41:10.005790] \U0001f634 非交易时间，跳过本次同步。
[2026-02-03 07:46:10.196627] \U0001f634 非交易时间，跳过本次同步。
[2026-02-03 07:51:10.297291] \U0001f634 非交易时间，跳过本次同步。
[2026-02-03 07:56:10.493381] \U0001f634 非交易时间，跳过本次同步。
[2026-02-03 08:01:10.665351] \U0001f634 非交易时间，跳过本次同步。
[2026-02-03 08:06:10.841049] \U0001f634 非交易时间，跳过本次同步。
[2026-02-03 08:11:10.928399] \U0001f634 非交易时间，跳过本次同步。
[2026-02-03 08:16:11.922362] \U0001f634 非交易时间，跳过本次同步。
[2026-02-03 08:21:12.032019] \U0001f634 非交易时间，跳过本次同步。
[2026-02-03 08:26:12.149086] \U0001f634 非交易时间，跳过本次同步。
[2026-02-03 08:31:12.230098] \U0001f634 非交易时间，跳过本次同步。
[2026-02-03 08:36:12.233640] \U0001f634 非交易时间，跳过本次同步。
[2026-02-03 08:41:12.428978] \U0001f634 非交易时间，跳过本次同步。
[2026-02-03 08:46:12.625586] \U0001f634 非交易时间，跳过本次同步。
[2026-02-03 08:51:12.874445] \U0001f634 非交易时间，跳过本次同步。
[2026-02-03 08:56:13.039150] \U0001f634 非交易时间，跳过本次同步。
[2026-02-03 09:01:13.198318] \U0001f634 非交易时间，跳过本次同步。
[2026-02-03 09:06:13.277674] \U0001f634 非交易时间，跳过本次同步。
[2026-02-03 09:11:13.502321] \U0001f634 非交易时间，跳过本次同步。
[2026-02-03 09:16:13.572360] \U0001f634 非交易时间，跳过本次同步。
[2026-02-03 09:21:13.738946] \U0001f634 非交易时间，跳过本次同步。
[2026-02-03 09:26:13.904442] \U0001f680 开始同步实时日线数据 (Time: 09:26:13)...
  \U0001f4e5 正在抓取批次: 6*.SH...
  \u26a0\ufe0f 抓取批次 6*.SH 失败 (尝试 1/3): ('Connection aborted.', RemoteDisconnected('Remote end closed connection without response'))
     等待 5 秒后重试...
  \U0001f4e5 正在抓取批次: 6*.SH... (重试 1)
  \u2705 6*.SH: 日线更新=2303, 分时序列=2303
  \U0001f4e5 正在抓取批次: 0*.SZ...
  \u2705 0*.SZ: 日线更新=1491, 分时序列=1491
  \U0001f4e5 正在抓取批次: 3*.SZ...
  \u2705 3*.SZ: 日线更新=1393, 分时序列=1393
[2026-02-03 09:26:40.502254] \u2728 同步完成！累计日线更新 5187 条，分时序列新增 5187 条。
[2026-02-03 09:31:40.589424] \U0001f680 开始同步实时日线数据 (Time: 09:31:40)...
  \U0001f4e5 正在抓取批次: 6*.SH...
  \u2705 6*.SH: 日线更新=2303, 分时序列=2303
  \U0001f4e5 正在抓取批次: 0*.SZ...
  \u2705 0*.SZ: 日线更新=1491, 分时序列=1491
  \U0001f4e5 正在抓取批次: 3*.SZ...
  \u2705 3*.SZ: 日线更新=1393, 分时序列=1393
[2026-02-03 09:31:46.979263] \u2728 同步完成！累计日线更新 5187 条，分时序列新增 5187 条。
[2026-02-03 09:36:47.140412] \U0001f680 开始同步实时日线数据 (Time: 09:36:47)...
  \U0001f4e5 正在抓取批次: 6*.SH...
  \u2705 6*.SH: 日线更新=2303, 分时序列=2303
  \U0001f4e5 正在抓取批次: 0*.SZ...
  \u2705 0*.SZ: 日线更新=1491, 分时序列=1491
  \U0001f4e5 正在抓取批次: 3*.SZ...
  \u2705 3*.SZ: 日线更新=1393, 分时序列=1393
[2026-02-03 09:36:52.693490] \u2728 同步完成！累计日线更新 5187 条，分时序列新增 5187 条。
[2026-02-03 09:41:52.841758] \U0001f680 开始同步实时日线数据 (Time: 09:41:52)...
  \U0001f4e5 正在抓取批次: 6*.SH...
  \u2705 6*.SH: 日线更新=2303, 分时序列=2303
  \U0001f4e5 正在抓取批次: 0*.SZ...
  \u2705 0*.SZ: 日线更新=1491, 分时序列=1491
  \U0001f4e5 正在抓取批次: 3*.SZ...
  \u2705 3*.SZ: 日线更新=1393, 分时序列=1393
[2026-02-03 09:41:58.467989] \u2728 同步完成！累计日线更新 5187 条，分时序列新增 5187 条。
[2026-02-03 09:46:58.490369] \U0001f680 开始同步实时日线数据 (Time: 09:46:58)...
  \U0001f4e5 正在抓取批次: 6*.SH...
  \u2705 6*.SH: 日线更新=2303, 分时序列=2303
  \U0001f4e5 正在抓取批次: 0*.SZ...
  \u2705 0*.SZ: 日线更新=1491, 分时序列=1491
  \U0001f4e5 正在抓取批次: 3*.SZ...
  \u2705 3*.SZ: 日线更新=1393, 分时序列=1393
[2026-02-03 09:47:05.384154] \u2728 同步完成！累计日线更新 5187 条，分时序列新增 5187 条。
[2026-02-03 09:52:06.389591] \U0001f680 开始同步实时日线数据 (Time: 09:52:06)...
  \U0001f4e5 正在抓取批次: 6*.SH...
  \u2705 6*.SH: 日线更新=2303, 分时序列=2303
  \U0001f4e5 正在抓取批次: 0*.SZ...
  \u2705 0*.SZ: 日线更新=1491, 分时序列=1491
  \U0001f4e5 正在抓取批次: 3*.SZ...
  \u2705 3*.SZ: 日线更新=1393, 分时序列=1393
[2026-02-03 09:52:11.991341] \u2728 同步完成！累计日线更新 5187 条，分时序列新增 5187 条。
[2026-02-03 09:57:12.130937] \U0001f680 开始同步实时日线数据 (Time: 09:57:12)...
  \U0001f4e5 正在抓取批次: 6*.SH...
  \u26a0\ufe0f 抓取批次 6*.SH 失败 (尝试 1/3): ('Connection aborted.', RemoteDisconnected('Remote end closed connection without response'))
     等待 5 秒后重试...
  \U0001f4e5 正在抓取批次: 6*.SH... (重试 1)
  \u2705 6*.SH: 日线更新=2303, 分时序列=2303
  \U0001f4e5 正在抓取批次: 0*.SZ...
  \u2705 0*.SZ: 日线更新=1491, 分时序列=1491
  \U0001f4e5 正在抓取批次: 3*.SZ...
  \u2705 3*.SZ: 日线更新=1393, 分时序列=1393
[2026-02-03 09:57:46.627894] \u2728 同步完成！累计日线更新 5187 条，分时序列新增 5187 条。
[2026-02-03 10:02:46.751289] \U0001f680 开始同步实时日线数据 (Time: 10:02:46)...
  \U0001f4e5 正在抓取批次: 6*.SH...
  \u2705 6*.SH: 日线更新=2303, 分时序列=2303
  \U0001f4e5 正在抓取批次: 0*.SZ...
  \u2705 0*.SZ: 日线更新=1491, 分时序列=1491
  \U0001f4e5 正在抓取批次: 3*.SZ...
  \u2705 3*.SZ: 日线更新=1393, 分时序列=1393
[2026-02-03 10:02:52.034363] \u2728 同步完成！累计日线更新 5187 条，分时序列新增 5187 条。
[2026-02-03 10:07:52.134906] \U0001f680 开始同步实时日线数据 (Time: 10:07:52)...
  \U0001f4e5 正在抓取批次: 6*.SH...
  \u2705 6*.SH: 日线更新=2303, 分时序列=2303
  \U0001f4e5 正在抓取批次: 0*.SZ...
  \u2705 0*.SZ: 日线更新=1491, 分时序列=1491
  \U0001f4e5 正在抓取批次: 3*.SZ...
  \u2705 3*.SZ: 日线更新=1393, 分时序列=1393
[2026-02-03 10:07:57.627274] \u2728 同步完成！累计日线更新 5187 条，分时序列新增 5187 条。
[2026-02-03 10:12:57.837680] \U0001f680 开始同步实时日线数据 (Time: 10:12:57)...
  \U0001f4e5 正在抓取批次: 6*.SH...
  \u2705 6*.SH: 日线更新=2303, 分时序列=2303
  \U0001f4e5 正在抓取批次: 0*.SZ...
  \u2705 0*.SZ: 日线更新=1491, 分时序列=1491
  \U0001f4e5 正在抓取批次: 3*.SZ...
  \u2705 3*.SZ: 日线更新=1393, 分时序列=1393
[2026-02-03 10:13:17.143030] \u2728 同步完成！累计日线更新 5187 条，分时序列新增 5187 条。
[2026-02-03 10:18:18.136880] \U0001f680 开始同步实时日线数据 (Time: 10:18:18)...
  \U0001f4e5 正在抓取批次: 6*.SH...
  \u26a0\ufe0f 抓取批次 6*.SH 失败 (尝试 1/3): ('Connection aborted.', RemoteDisconnected('Remote end closed connection without response'))
     等待 5 秒后重试...
  \U0001f4e5 正在抓取批次: 6*.SH... (重试 1)
  \u2705 6*.SH: 日线更新=2303, 分时序列=2303
  \U0001f4e5 正在抓取批次: 0*.SZ...
  \u26a0\ufe0f 抓取批次 0*.SZ 失败 (尝试 1/3): ('Connection aborted.', RemoteDisconnected('Remote end closed connection without response'))
     等待 5 秒后重试...
  \U0001f4e5 正在抓取批次: 0*.SZ... (重试 1)
  \u2705 0*.SZ: 日线更新=1491, 分时序列=1491
  \U0001f4e5 正在抓取批次: 3*.SZ...
  \u2705 3*.SZ: 日线更新=1393, 分时序列=1393
[2026-02-03 10:19:12.013801] \u2728 同步完成！累计日线更新 5187 条，分时序列新增 5187 条。
[2026-02-03 10:24:12.827579] \U0001f680 开始同步实时日线数据 (Time: 10:24:12)...
  \U0001f4e5 正在抓取批次: 6*.SH...
  \u2705 6*.SH: 日线更新=2303, 分时序列=2303
  \U0001f4e5 正在抓取批次: 0*.SZ...
  \u2705 0*.SZ: 日线更新=1491, 分时序列=1491
  \U0001f4e5 正在抓取批次: 3*.SZ...
  \u2705 3*.SZ: 日线更新=1393, 分时序列=1393
[2026-02-03 10:24:18.272152] \u2728 同步完成！累计日线更新 5187 条，分时序列新增 5187 条。
[2026-02-03 10:29:19.179708] \U0001f680 开始同步实时日线数据 (Time: 10:29:19)...
  \U0001f4e5 正在抓取批次: 6*.SH...
  \u2705 6*.SH: 日线更新=2303, 分时序列=2303
  \U0001f4e5 正在抓取批次: 0*.SZ...
  \u2705 0*.SZ: 日线更新=1491, 分时序列=1491
  \U0001f4e5 正在抓取批次: 3*.SZ...
  \u2705 3*.SZ: 日线更新=1393, 分时序列=1393
[2026-02-03 10:29:24.839411] \u2728 同步完成！累计日线更新 5187 条，分时序列新增 5187 条。
[2026-02-03 10:34:24.873265] \U0001f680 开始同步实时日线数据 (Time: 10:34:24)...
  \U0001f4e5 正在抓取批次: 6*.SH...
  \u2705 6*.SH: 日线更新=2303, 分时序列=2303
  \U0001f4e5 正在抓取批次: 0*.SZ...
  \u2705 0*.SZ: 日线更新=1491, 分时序列=1491
  \U0001f4e5 正在抓取批次: 3*.SZ...
  \u2705 3*.SZ: 日线更新=1393, 分时序列=1393
[2026-02-03 10:34:32.011492] \u2728 同步完成！累计日线更新 5187 条，分时序列新增 5187 条。
[2026-02-03 10:39:33.012408] \U0001f680 开始同步实时日线数据 (Time: 10:39:33)...
  \U0001f4e5 正在抓取批次: 6*.SH...
  \u2705 6*.SH: 日线更新=2303, 分时序列=2303
  \U0001f4e5 正在抓取批次: 0*.SZ...
  \u2705 0*.SZ: 日线更新=1491, 分时序列=1491
  \U0001f4e5 正在抓取批次: 3*.SZ...
  \u2705 3*.SZ: 日线更新=1393, 分时序列=1393
[2026-02-03 10:39:38.563102] \u2728 同步完成！累计日线更新 5187 条，分时序列新增 5187 条。
[2026-02-03 10:44:38.710860] \U0001f680 开始同步实时日线数据 (Time: 10:44:38)...
  \U0001f4e5 正在抓取批次: 6*.SH...
  \u2705 6*.SH: 日线更新=2303, 分时序列=2303
  \U0001f4e5 正在抓取批次: 0*.SZ...
  \u2705 0*.SZ: 日线更新=1491, 分时序列=1491
  \U0001f4e5 正在抓取批次: 3*.SZ...
  \u2705 3*.SZ: 日线更新=1393, 分时序列=1393
[2026-02-03 10:44:44.154875] \u2728 同步完成！累计日线更新 5187 条，分时序列新增 5187 条。
[2026-02-03 10:49:44.197453] \U0001f680 开始同步实时日线数据 (Time: 10:49:44)...
  \U0001f4e5 正在抓取批次: 6*.SH...
  \u2705 6*.SH: 日线更新=2303, 分时序列=2303
  \U0001f4e5 正在抓取批次: 0*.SZ...
  \u2705 0*.SZ: 日线更新=1491, 分时序列=1491
  \U0001f4e5 正在抓取批次: 3*.SZ...
  \u2705 3*.SZ: 日线更新=1393, 分时序列=1393
[2026-02-03 10:49:49.573562] \u2728 同步完成！累计日线更新 5187 条，分时序列新增 5187 条。
[2026-02-03 10:54:49.821590] \U0001f680 开始同步实时日线数据 (Time: 10:54:49)...
  \U0001f4e5 正在抓取批次: 6*.SH...
  \u2705 6*.SH: 日线更新=2303, 分时序列=2303
  \U0001f4e5 正在抓取批次: 0*.SZ...
  \u2705 0*.SZ: 日线更新=1491, 分时序列=1491
  \U0001f4e5 正在抓取批次: 3*.SZ...
  \u2705 3*.SZ: 日线更新=1393, 分时序列=1393
[2026-02-03 10:54:56.952144] \u2728 同步完成！累计日线更新 5187 条，分时序列新增 5187 条。
[2026-02-03 10:59:57.021563] \U0001f680 开始同步实时日线数据 (Time: 10:59:57)...
  \U0001f4e5 正在抓取批次: 6*.SH...
  \u2705 6*.SH: 日线更新=2303, 分时序列=2303
  \U0001f4e5 正在抓取批次: 0*.SZ...
  \u2705 0*.SZ: 日线更新=1491, 分时序列=1491
  \U0001f4e5 正在抓取批次: 3*.SZ...
  \u2705 3*.SZ: 日线更新=1393, 分时序列=1393
[2026-02-03 11:00:05.697220] \u2728 同步完成！累计日线更新 5187 条，分时序列新增 5187 条。
[2026-02-03 11:05:05.725044] \U0001f680 开始同步实时日线数据 (Time: 11:05:05)...
  \U0001f4e5 正在抓取批次: 6*.SH...
  \u2705 6*.SH: 日线更新=2303, 分时序列=2303
  \U0001f4e5 正在抓取批次: 0*.SZ...
  \u2705 0*.SZ: 日线更新=1491, 分时序列=1491
  \U0001f4e5 正在抓取批次: 3*.SZ...
  \u2705 3*.SZ: 日线更新=1393, 分时序列=1393
[2026-02-03 11:05:11.094873] \u2728 同步完成！累计日线更新 5187 条，分时序列新增 5187 条。
[2026-02-03 11:10:11.131320] \U0001f680 开始同步实时日线数据 (Time: 11:10:11)...
  \U0001f4e5 正在抓取批次: 6*.SH...
  \u2705 6*.SH: 日线更新=2303, 分时序列=2303
  \U0001f4e5 正在抓取批次: 0*.SZ...
  \u2705 0*.SZ: 日线更新=1491, 分时序列=1491
  \U0001f4e5 正在抓取批次: 3*.SZ...
  \u2705 3*.SZ: 日线更新=1393, 分时序列=1393
[2026-02-03 11:10:16.612879] \u2728 同步完成！累计日线更新 5187 条，分时序列新增 5187 条。
[2026-02-03 11:15:16.755266] \U0001f680 开始同步实时日线数据 (Time: 11:15:16)...
  \U0001f4e5 正在抓取批次: 6*.SH...
  \u2705 6*.SH: 日线更新=2303, 分时序列=2303
  \U0001f4e5 正在抓取批次: 0*.SZ...
  \u2705 0*.SZ: 日线更新=1491, 分时序列=1491
  \U0001f4e5 正在抓取批次: 3*.SZ...
  \u2705 3*.SZ: 日线更新=1393, 分时序列=1393
[2026-02-03 11:15:22.205263] \u2728 同步完成！累计日线更新 5187 条，分时序列新增 5187 条。
[2026-02-03 11:20:22.340076] \U0001f680 开始同步实时日线数据 (Time: 11:20:22)...
  \U0001f4e5 正在抓取批次: 6*.SH...
  \u2705 6*.SH: 日线更新=2303, 分时序列=2303
  \U0001f4e5 正在抓取批次: 0*.SZ...
  \u2705 0*.SZ: 日线更新=1491, 分时序列=1491
  \U0001f4e5 正在抓取批次: 3*.SZ...
  \u2705 3*.SZ: 日线更新=1393, 分时序列=1393
[2026-02-03 11:20:28.172822] \u2728 同步完成！累计日线更新 5187 条，分时序列新增 5187 条。
[2026-02-03 11:25:28.210902] \U0001f680 开始同步实时日线数据 (Time: 11:25:28)...
  \U0001f4e5 正在抓取批次: 6*.SH...
  \u2705 6*.SH: 日线更新=2303, 分时序列=2303
  \U0001f4e5 正在抓取批次: 0*.SZ...
  \u2705 0*.SZ: 日线更新=1491, 分时序列=1491
  \U0001f4e5 正在抓取批次: 3*.SZ...
  \u2705 3*.SZ: 日线更新=1393, 分时序列=1393
[2026-02-03 11:25:33.631211] \u2728 同步完成！累计日线更新 5187 条，分时序列新增 5187 条。
[2026-02-03 11:30:33.768065] \U0001f680 开始同步实时日线数据 (Time: 11:30:33)...
  \U0001f4e5 正在抓取批次: 6*.SH...
  \u2705 6*.SH: 日线更新=2303, 分时序列=2303
  \U0001f4e5 正在抓取批次: 0*.SZ...
  \u2705 0*.SZ: 日线更新=1491, 分时序列=1491
  \U0001f4e5 正在抓取批次: 3*.SZ...
  \u2705 3*.SZ: 日线更新=1393, 分时序列=1393
[2026-02-03 11:30:39.277338] \u2728 同步完成！累计日线更新 5187 条，分时序列新增 5187 条。
[2026-02-03 11:35:39.295334] \U0001f634 非交易时间，跳过本次同步。
[2026-02-03 11:40:39.466628] \U0001f634 非交易时间，跳过本次同步。
[2026-02-03 11:45:39.669354] \U0001f634 非交易时间，跳过本次同步。
[2026-02-03 11:50:39.900448] \U0001f634 非交易时间，跳过本次同步。
[2026-02-03 11:55:40.087738] \U0001f634 非交易时间，跳过本次同步。
[2026-02-03 12:00:40.243173] \U0001f634 非交易时间，跳过本次同步。
[2026-02-03 12:05:40.391656] \U0001f634 非交易时间，跳过本次同步。
[2026-02-03 12:10:40.427766] \U0001f634 非交易时间，跳过本次同步。
[2026-02-03 12:15:40.528962] \U0001f634 非交易时间，跳过本次同步。
[2026-02-03 12:20:40.613240] \U0001f634 非交易时间，跳过本次同步。
[2026-02-03 12:25:40.636944] \U0001f634 非交易时间，跳过本次同步。
[2026-02-03 12:30:40.656640] \U0001f634 非交易时间，跳过本次同步。
[2026-02-03 12:35:41.554207] \U0001f634 非交易时间，跳过本次同步。
[2026-02-03 12:40:41.625679] \U0001f634 非交易时间，跳过本次同步。
[2026-02-03 12:45:41.746299] \U0001f634 非交易时间，跳过本次同步。
[2026-02-03 12:50:41.903088] \U0001f634 非交易时间，跳过本次同步。
[2026-02-03 12:55:42.020040] \U0001f634 非交易时间，跳过本次同步。
[2026-02-03 13:00:42.045299] \U0001f680 开始同步实时日线数据 (Time: 13:00:42)...
  \U0001f4e5 正在抓取批次: 6*.SH...
  \u2705 6*.SH: 日线更新=2303, 分时序列=2303
  \U0001f4e5 正在抓取批次: 0*.SZ...
  \u2705 0*.SZ: 日线更新=1491, 分时序列=1491
  \U0001f4e5 正在抓取批次: 3*.SZ...
  \u2705 3*.SZ: 日线更新=1393, 分时序列=1393
[2026-02-03 13:00:51.167265] \u2728 同步完成！累计日线更新 5187 条，分时序列新增 5187 条。
[2026-02-03 13:05:52.094332] \U0001f680 开始同步实时日线数据 (Time: 13:05:52)...
  \U0001f4e5 正在抓取批次: 6*.SH...
  \u2705 6*.SH: 日线更新=2303, 分时序列=2303
  \U0001f4e5 正在抓取批次: 0*.SZ...
  \u2705 0*.SZ: 日线更新=1491, 分时序列=1491
  \U0001f4e5 正在抓取批次: 3*.SZ...
  \u2705 3*.SZ: 日线更新=1393, 分时序列=1393
[2026-02-03 13:05:57.892564] \u2728 同步完成！累计日线更新 5187 条，分时序列新增 5187 条。
[2026-02-03 13:10:57.950399] \U0001f680 开始同步实时日线数据 (Time: 13:10:57)...
  \U0001f4e5 正在抓取批次: 6*.SH...
  \u2705 6*.SH: 日线更新=2303, 分时序列=2303
  \U0001f4e5 正在抓取批次: 0*.SZ...
  \u2705 0*.SZ: 日线更新=1491, 分时序列=1491
  \U0001f4e5 正在抓取批次: 3*.SZ...
  \u2705 3*.SZ: 日线更新=1393, 分时序列=1393
[2026-02-03 13:11:03.445924] \u2728 同步完成！累计日线更新 5187 条，分时序列新增 5187 条。
[2026-02-03 13:16:03.745047] \U0001f680 开始同步实时日线数据 (Time: 13:16:03)...
  \U0001f4e5 正在抓取批次: 6*.SH...
  \u2705 6*.SH: 日线更新=2303, 分时序列=2303
  \U0001f4e5 正在抓取批次: 0*.SZ...
  \u2705 0*.SZ: 日线更新=1491, 分时序列=1491
  \U0001f4e5 正在抓取批次: 3*.SZ...
  \u2705 3*.SZ: 日线更新=1393, 分时序列=1393
[2026-02-03 13:16:10.244966] \u2728 同步完成！累计日线更新 5187 条，分时序列新增 5187 条。
[2026-02-03 13:21:11.255813] \U0001f680 开始同步实时日线数据 (Time: 13:21:11)...
  \U0001f4e5 正在抓取批次: 6*.SH...
  \u26a0\ufe0f 抓取批次 6*.SH 失败 (尝试 1/3): ('Connection aborted.', RemoteDisconnected('Remote end closed connection without response'))
     等待 5 秒后重试...
  \U0001f4e5 正在抓取批次: 6*.SH... (重试 1)
  \u26a0\ufe0f 抓取批次 6*.SH 失败 (尝试 2/3): ('Connection aborted.', RemoteDisconnected('Remote end closed connection without response'))
     等待 10 秒后重试...
  \U0001f4e5 正在抓取批次: 6*.SH... (重试 2)
  \u2705 6*.SH: 日线更新=2303, 分时序列=2303
  \U0001f4e5 正在抓取批次: 0*.SZ...
  \u2705 0*.SZ: 日线更新=1491, 分时序列=1491
  \U0001f4e5 正在抓取批次: 3*.SZ...
  \u2705 3*.SZ: 日线更新=1393, 分时序列=1393
[2026-02-03 13:22:16.021430] \u2728 同步完成！累计日线更新 5187 条，分时序列新增 5187 条。
[2026-02-03 13:27:16.981403] \U0001f680 开始同步实时日线数据 (Time: 13:27:16)...
  \U0001f4e5 正在抓取批次: 6*.SH...
  \u2705 6*.SH: 日线更新=2303, 分时序列=2303
  \U0001f4e5 正在抓取批次: 0*.SZ...
  \u2705 0*.SZ: 日线更新=1491, 分时序列=1491
  \U0001f4e5 正在抓取批次: 3*.SZ...
  \u2705 3*.SZ: 日线更新=1393, 分时序列=1393
[2026-02-03 13:27:21.923303] \u2728 同步完成！累计日线更新 5187 条，分时序列新增 5187 条。
[2026-02-03 13:32:21.984595] \U0001f680 开始同步实时日线数据 (Time: 13:32:21)...
  \U0001f4e5 正在抓取批次: 6*.SH...
  \u2705 6*.SH: 日线更新=2303, 分时序列=2303
  \U0001f4e5 正在抓取批次: 0*.SZ...
  \u2705 0*.SZ: 日线更新=1491, 分时序列=1491
  \U0001f4e5 正在抓取批次: 3*.SZ...
  \u2705 3*.SZ: 日线更新=1393, 分时序列=1393
[2026-02-03 13:32:27.156533] \u2728 同步完成！累计日线更新 5187 条，分时序列新增 5187 条。
[2026-02-03 13:37:27.209210] \U0001f680 开始同步实时日线数据 (Time: 13:37:27)...
  \U0001f4e5 正在抓取批次: 6*.SH...
  \u2705 6*.SH: 日线更新=2303, 分时序列=2303
  \U0001f4e5 正在抓取批次: 0*.SZ...
  \u2705 0*.SZ: 日线更新=1491, 分时序列=1491
  \U0001f4e5 正在抓取批次: 3*.SZ...
  \u2705 3*.SZ: 日线更新=1393, 分时序列=1393
[2026-02-03 13:37:33.615404] \u2728 同步完成！累计日线更新 5187 条，分时序列新增 5187 条。
[2026-02-03 13:42:33.731370] \U0001f680 开始同步实时日线数据 (Time: 13:42:33)...
  \U0001f4e5 正在抓取批次: 6*.SH...
  \u2705 6*.SH: 日线更新=2303, 分时序列=2303
  \U0001f4e5 正在抓取批次: 0*.SZ...
  \u2705 0*.SZ: 日线更新=1491, 分时序列=1491
  \U0001f4e5 正在抓取批次: 3*.SZ...
  \u2705 3*.SZ: 日线更新=1393, 分时序列=1393
[2026-02-03 13:42:39.509451] \u2728 同步完成！累计日线更新 5187 条，分时序列新增 5187 条。
[2026-02-03 13:47:39.520455] \U0001f680 开始同步实时日线数据 (Time: 13:47:39)...
  \U0001f4e5 正在抓取批次: 6*.SH...
  \u2705 6*.SH: 日线更新=2303, 分时序列=2303
  \U0001f4e5 正在抓取批次: 0*.SZ...
  \u2705 0*.SZ: 日线更新=1491, 分时序列=1491
  \U0001f4e5 正在抓取批次: 3*.SZ...
  \u2705 3*.SZ: 日线更新=1393, 分时序列=1393
[2026-02-03 13:47:45.008149] \u2728 同步完成！累计日线更新 5187 条，分时序列新增 5187 条。
[2026-02-03 13:52:45.908070] \U0001f680 开始同步实时日线数据 (Time: 13:52:45)...
  \U0001f4e5 正在抓取批次: 6*.SH...
  \u2705 6*.SH: 日线更新=2303, 分时序列=2303
  \U0001f4e5 正在抓取批次: 0*.SZ...
  \u2705 0*.SZ: 日线更新=1491, 分时序列=1491
  \U0001f4e5 正在抓取批次: 3*.SZ...
  \u2705 3*.SZ: 日线更新=1393, 分时序列=1393
[2026-02-03 13:52:51.848172] \u2728 同步完成！累计日线更新 5187 条，分时序列新增 5187 条。
[2026-02-03 13:57:52.756708] \U0001f680 开始同步实时日线数据 (Time: 13:57:52)...
  \U0001f4e5 正在抓取批次: 6*.SH...
  \u2705 6*.SH: 日线更新=2303, 分时序列=2303
  \U0001f4e5 正在抓取批次: 0*.SZ...
  \u2705 0*.SZ: 日线更新=1491, 分时序列=1491
  \U0001f4e5 正在抓取批次: 3*.SZ...
  \u2705 3*.SZ: 日线更新=1393, 分时序列=1393
[2026-02-03 13:57:58.844487] \u2728 同步完成！累计日线更新 5187 条，分时序列新增 5187 条。
[2026-02-03 14:02:59.800879] \U0001f680 开始同步实时日线数据 (Time: 14:02:59)...
  \U0001f4e5 正在抓取批次: 6*.SH...
  \u2705 6*.SH: 日线更新=2303, 分时序列=2303
  \U0001f4e5 正在抓取批次: 0*.SZ...
  \u2705 0*.SZ: 日线更新=1491, 分时序列=1491
  \U0001f4e5 正在抓取批次: 3*.SZ...
  \u2705 3*.SZ: 日线更新=1393, 分时序列=1393
[2026-02-03 14:03:05.699027] \u2728 同步完成！累计日线更新 5187 条，分时序列新增 5187 条。
[2026-02-03 14:08:05.891221] \U0001f680 开始同步实时日线数据 (Time: 14:08:05)...
  \U0001f4e5 正在抓取批次: 6*.SH...
  \u2705 6*.SH: 日线更新=2303, 分时序列=2303
  \U0001f4e5 正在抓取批次: 0*.SZ...
  \u2705 0*.SZ: 日线更新=1491, 分时序列=1491
  \U0001f4e5 正在抓取批次: 3*.SZ...
  \u2705 3*.SZ: 日线更新=1393, 分时序列=1393
[2026-02-03 14:08:15.439461] \u2728 同步完成！累计日线更新 5187 条，分时序列新增 5187 条。
[2026-02-03 14:13:15.530389] \U0001f680 开始同步实时日线数据 (Time: 14:13:15)...
  \U0001f4e5 正在抓取批次: 6*.SH...
  \u2705 6*.SH: 日线更新=2303, 分时序列=2303
  \U0001f4e5 正在抓取批次: 0*.SZ...
  \u2705 0*.SZ: 日线更新=1491, 分时序列=1491
  \U0001f4e5 正在抓取批次: 3*.SZ...
  \u2705 3*.SZ: 日线更新=1393, 分时序列=1393
[2026-02-03 14:13:22.972999] \u2728 同步完成！累计日线更新 5187 条，分时序列新增 5187 条。
[2026-02-03 14:18:23.982120] \U0001f680 开始同步实时日线数据 (Time: 14:18:23)...
  \U0001f4e5 正在抓取批次: 6*.SH...
  \u2705 6*.SH: 日线更新=2303, 分时序列=2303
  \U0001f4e5 正在抓取批次: 0*.SZ...
  \u2705 0*.SZ: 日线更新=1491, 分时序列=1491
  \U0001f4e5 正在抓取批次: 3*.SZ...
  \u2705 3*.SZ: 日线更新=1393, 分时序列=1393
[2026-02-03 14:18:30.767294] \u2728 同步完成！累计日线更新 5187 条，分时序列新增 5187 条。
[2026-02-03 14:23:31.739629] \U0001f680 开始同步实时日线数据 (Time: 14:23:31)...
  \U0001f4e5 正在抓取批次: 6*.SH...
  \u2705 6*.SH: 日线更新=2303, 分时序列=2303
  \U0001f4e5 正在抓取批次: 0*.SZ...
  \u2705 0*.SZ: 日线更新=1491, 分时序列=1491
  \U0001f4e5 正在抓取批次: 3*.SZ...
  \u2705 3*.SZ: 日线更新=1393, 分时序列=1393
[2026-02-03 14:23:36.457406] \u2728 同步完成！累计日线更新 5187 条，分时序列新增 5187 条。
[2026-02-03 14:28:36.547261] \U0001f680 开始同步实时日线数据 (Time: 14:28:36)...
  \U0001f4e5 正在抓取批次: 6*.SH...
  \u2705 6*.SH: 日线更新=2303, 分时序列=2303
  \U0001f4e5 正在抓取批次: 0*.SZ...
  \u2705 0*.SZ: 日线更新=1491, 分时序列=1491
  \U0001f4e5 正在抓取批次: 3*.SZ...
  \u2705 3*.SZ: 日线更新=1393, 分时序列=1393
[2026-02-03 14:28:43.459990] \u2728 同步完成！累计日线更新 5187 条，分时序列新增 5187 条。
[2026-02-03 14:33:44.435307] \U0001f680 开始同步实时日线数据 (Time: 14:33:44)...
  \U0001f4e5 正在抓取批次: 6*.SH...
  \u2705 6*.SH: 日线更新=2303, 分时序列=2303
  \U0001f4e5 正在抓取批次: 0*.SZ...
  \u2705 0*.SZ: 日线更新=1491, 分时序列=1491
  \U0001f4e5 正在抓取批次: 3*.SZ...
  \u2705 3*.SZ: 日线更新=1393, 分时序列=1393
[2026-02-03 14:33:49.956063] \u2728 同步完成！累计日线更新 5187 条，分时序列新增 5187 条。
[2026-02-03 14:38:50.955911] \U0001f680 开始同步实时日线数据 (Time: 14:38:50)...
  \U0001f4e5 正在抓取批次: 6*.SH...
  \u2705 6*.SH: 日线更新=2303, 分时序列=2303
  \U0001f4e5 正在抓取批次: 0*.SZ...
  \u2705 0*.SZ: 日线更新=1491, 分时序列=1491
  \U0001f4e5 正在抓取批次: 3*.SZ...
  \u2705 3*.SZ: 日线更新=1393, 分时序列=1393
[2026-02-03 14:38:57.142404] \u2728 同步完成！累计日线更新 5187 条，分时序列新增 5187 条。
[2026-02-03 14:43:57.328789] \U0001f680 开始同步实时日线数据 (Time: 14:43:57)...
  \U0001f4e5 正在抓取批次: 6*.SH...
  \u2705 6*.SH: 日线更新=2303, 分时序列=2303
  \U0001f4e5 正在抓取批次: 0*.SZ...
  \u2705 0*.SZ: 日线更新=1491, 分时序列=1491
  \U0001f4e5 正在抓取批次: 3*.SZ...
  \u2705 3*.SZ: 日线更新=1393, 分时序列=1393
[2026-02-03 14:44:05.294554] \u2728 同步完成！累计日线更新 5187 条，分时序列新增 5187 条。
[2026-02-03 14:49:05.468287] \U0001f680 开始同步实时日线数据 (Time: 14:49:05)...
  \U0001f4e5 正在抓取批次: 6*.SH...
  \u2705 6*.SH: 日线更新=2303, 分时序列=2303
  \U0001f4e5 正在抓取批次: 0*.SZ...
  \u2705 0*.SZ: 日线更新=1491, 分时序列=1491
  \U0001f4e5 正在抓取批次: 3*.SZ...
  \u2705 3*.SZ: 日线更新=1393, 分时序列=1393
[2026-02-03 14:49:11.159599] \u2728 同步完成！累计日线更新 5187 条，分时序列新增 5187 条。
[2026-02-03 14:54:11.266861] \U0001f680 开始同步实时日线数据 (Time: 14:54:11)...
  \U0001f4e5 正在抓取批次: 6*.SH...
  \u2705 6*.SH: 日线更新=2303, 分时序列=2303
  \U0001f4e5 正在抓取批次: 0*.SZ...
  \u2705 0*.SZ: 日线更新=1491, 分时序列=1491
  \U0001f4e5 正在抓取批次: 3*.SZ...
  \u2705 3*.SZ: 日线更新=1393, 分时序列=1393
[2026-02-03 14:54:18.529141] \u2728 同步完成！累计日线更新 5187 条，分时序列新增 5187 条。
[2026-02-03 14:59:18.598664] \U0001f680 开始同步实时日线数据 (Time: 14:59:18)...
  \U0001f4e5 正在抓取批次: 6*.SH...
  \u2705 6*.SH: 日线更新=2303, 分时序列=2303
  \U0001f4e5 正在抓取批次: 0*.SZ...
  \u2705 0*.SZ: 日线更新=1491, 分时序列=1491
  \U0001f4e5 正在抓取批次: 3*.SZ...
  \u2705 3*.SZ: 日线更新=1393, 分时序列=1393
[2026-02-03 14:59:33.592101] \u2728 同步完成！累计日线更新 5187 条，分时序列新增 5187 条。
[2026-02-03 15:04:33.776443] \U0001f680 开始同步实时日线数据 (Time: 15:04:33)...
  \U0001f4e5 正在抓取批次: 6*.SH...
  \u2705 6*.SH: 日线更新=2303, 分时序列=2303
  \U0001f4e5 正在抓取批次: 0*.SZ...
  \u2705 0*.SZ: 日线更新=1491, 分时序列=1491
  \U0001f4e5 正在抓取批次: 3*.SZ...
  \u2705 3*.SZ: 日线更新=1393, 分时序列=1393
[2026-02-03 15:04:39.396184] \u2728 同步完成！累计日线更新 5187 条，分时序列新增 5187 条。
[2026-02-03 15:09:39.686161] \U0001f634 非交易时间，跳过本次同步。
[2026-02-03 15:14:39.994188] \U0001f634 非交易时间，跳过本次同步。
[2026-02-03 15:19:40.307034] \U0001f634 非交易时间，跳过本次同步。
[2026-02-03 15:24:40.545997] \U0001f634 非交易时间，跳过本次同步。
[2026-02-03 15:29:40.712241] \U0001f634 非交易时间，跳过本次同步。
[2026-02-03 15:34:40.965315] \U0001f634 非交易时间，跳过本次同步。
[2026-02-03 15:39:41.311357] \U0001f634 非交易时间，跳过本次同步。
[2026-02-03 15:44:41.527653] \U0001f634 非交易时间，跳过本次同步。
[2026-02-03 15:49:41.679227] \U0001f634 非交易时间，跳过本次同步。
[2026-02-03 15:54:41.802093] \U0001f634 非交易时间，跳过本次同步。
[2026-02-03 15:59:42.070641] \U0001f634 非交易时间，跳过本次同步。
[2026-02-03 16:04:42.226405] \U0001f634 非交易时间，跳过本次同步。
[2026-02-03 16:09:42.382322] \U0001f634 非交易时间，跳过本次同步。
[2026-02-03 16:14:42.482595] \U0001f634 非交易时间，跳过本次同步。
[2026-02-03 16:19:42.632387] \U0001f634 非交易时间，跳过本次同步。
[2026-02-03 16:24:42.734592] \U0001f634 非交易时间，跳过本次同步。
[2026-02-03 16:29:42.877106] \U0001f634 非交易时间，跳过本次同步。
[2026-02-03 16:34:42.915117] \U0001f634 非交易时间，跳过本次同步。
[2026-02-03 16:39:43.073406] \U0001f634 非交易时间，跳过本次同步。
[2026-02-03 16:44:43.363737] \U0001f634 非交易时间，跳过本次同步。
[2026-02-03 16:49:43.635189] \U0001f634 非交易时间，跳过本次同步。
[2026-02-03 16:54:43.884979] \U0001f634 非交易时间，跳过本次同步。
[2026-02-03 16:59:44.162955] \U0001f634 非交易时间，跳过本次同步。
[2026-02-03 17:04:44.420782] \U0001f634 非交易时间，跳过本次同步。
[2026-02-03 17:09:44.561966] \U0001f634 非交易时间，跳过本次同步。
[2026-02-03 17:14:44.860567] \U0001f634 非交易时间，跳过本次同步。
[2026-02-03 17:19:45.074699] \U0001f634 非交易时间，跳过本次同步。
[2026-02-03 17:24:45.127737] \U0001f634 非交易时间，跳过本次同步。
[2026-02-03 17:29:45.316968] \U0001f634 非交易时间，跳过本次同步。
[2026-02-03 17:34:45.591199] \U0001f634 非交易时间，跳过本次同步。
[2026-02-03 17:39:45.897353] \U0001f634 非交易时间，跳过本次同步。
[2026-02-03 17:44:46.181694] \U0001f634 非交易时间，跳过本次同步。
[2026-02-03 17:49:46.566444] \U0001f634 非交易时间，跳过本次同步。
[2026-02-03 17:54:46.771202] \U0001f634 非交易时间，跳过本次同步。
[2026-02-03 17:59:47.156094] \U0001f634 非交易时间，跳过本次同步。
[2026-02-03 18:04:47.399718] \U0001f634 非交易时间，跳过本次同步。
[2026-02-03 18:09:47.655457] \U0001f634 非交易时间，跳过本次同步。
[2026-02-03 18:14:47.741353] \U0001f634 非交易时间，跳过本次同步。
[2026-02-03 18:19:47.903325] \U0001f634 非交易时间，跳过本次同步。
[2026-02-03 18:24:48.027850] \U0001f634 非交易时间，跳过本次同步。
[2026-02-03 18:29:48.178416] \U0001f634 非交易时间，跳过本次同步。
[2026-02-03 18:34:48.291400] \U0001f634 非交易时间，跳过本次同步。
[2026-02-03 18:39:48.346092] \U0001f634 非交易时间，跳过本次同步。
[2026-02-03 18:44:48.551276] \U0001f634 非交易时间，跳过本次同步。
[2026-02-03 18:49:48.802413] \U0001f634 非交易时间，跳过本次同步。
[2026-02-03 18:54:49.005284] \U0001f634 非交易时间，跳过本次同步。
[2026-02-03 18:59:49.126659] \U0001f634 非交易时间，跳过本次同步。
[2026-02-03 19:04:49.358431] \U0001f634 非交易时间，跳过本次同步。
[2026-02-03 19:09:49.635206] \U0001f634 非交易时间，跳过本次同步。
[2026-02-03 19:14:49.903208] \U0001f634 非交易时间，跳过本次同步。
[2026-02-03 19:19:50.050468] \U0001f634 非交易时间，跳过本次同步。
[2026-02-03 19:24:50.397840] \U0001f634 非交易时间，跳过本次同步。
[2026-02-03 19:29:50.572444] \U0001f634 非交易时间，跳过本次同步。
[2026-02-03 19:34:50.887116] \U0001f634 非交易时间，跳过本次同步。
[2026-02-03 19:39:51.160438] \U0001f634 非交易时间，跳过本次同步。
[2026-02-03 19:44:51.452189] \U0001f634 非交易时间，跳过本次同步。
[2026-02-03 19:49:51.633898] \U0001f634 非交易时间，跳过本次同步。
[2026-02-03 19:54:51.923056] \U0001f634 非交易时间，跳过本次同步。
[2026-02-03 19:59:52.211146] \U0001f634 非交易时间，跳过本次同步。
[2026-02-03 20:04:52.513526] \U0001f634 非交易时间，跳过本次同步。
[2026-02-03 20:09:52.698943] \U0001f634 非交易时间，跳过本次同步。
[2026-02-03 20:14:52.753127] \U0001f634 非交易时间，跳过本次同步。
[2026-02-03 20:19:52.975421] \U0001f634 非交易时间，跳过本次同步。
[2026-02-03 20:24:53.157450] \U0001f634 非交易时间，跳过本次同步。
[2026-02-03 20:29:53.272174] \U0001f634 非交易时间，跳过本次同步。
[2026-02-03 20:34:53.318428] \U0001f634 非交易时间，跳过本次同步。
[2026-02-03 20:39:53.349289] \U0001f634 非交易时间，跳过本次同步。
[2026-02-03 20:44:53.627598] \U0001f634 非交易时间，跳过本次同步。
[2026-02-03 20:49:53.891380] \U0001f634 非交易时间，跳过本次同步。
[2026-02-03 20:54:54.024106] \U0001f634 非交易时间，跳过本次同步。
[2026-02-03 20:59:54.222874] \U0001f634 非交易时间，跳过本次同步。
[2026-02-03 21:04:54.399111] \U0001f634 非交易时间，跳过本次同步。
[2026-02-03 21:09:54.572234] \U0001f634 非交易时间，跳过本次同步。
[2026-02-03 21:14:54.793036] \U0001f634 非交易时间，跳过本次同步。
[2026-02-03 21:19:55.172384] \U0001f634 非交易时间，跳过本次同步。
[2026-02-03 21:24:55.440334] \U0001f634 非交易时间，跳过本次同步。
[2026-02-03 21:29:55.807903] \U0001f634 非交易时间，跳过本次同步。
[2026-02-03 21:34:56.040482] \U0001f634 非交易时间，跳过本次同步。
[2026-02-03 21:39:56.186783] \U0001f634 非交易时间，跳过本次同步。
[2026-02-03 21:44:56.439526] \U0001f634 非交易时间，跳过本次同步。
[2026-02-03 21:49:56.754356] \U0001f634 非交易时间，跳过本次同步。
[2026-02-03 21:54:56.908776] \U0001f634 非交易时间，跳过本次同步。
[2026-02-03 21:59:57.164893] \U0001f634 非交易时间，跳过本次同步。
[2026-02-03 22:04:57.387499] \U0001f634 非交易时间，跳过本次同步。
[2026-02-03 22:09:57.602111] \U0001f634 非交易时间，跳过本次同步。
[2026-02-03 22:14:57.792593] \U0001f634 非交易时间，跳过本次同步。
[2026-02-03 22:19:57.953179] \U0001f634 非交易时间，跳过本次同步。
[2026-02-03 22:24:58.153473] \U0001f634 非交易时间，跳过本次同步。
[2026-02-03 22:29:58.365240] \U0001f634 非交易时间，跳过本次同步。
[2026-02-03 22:34:58.562199] \U0001f634 非交易时间，跳过本次同步。
[2026-02-03 22:39:58.703372] \U0001f634 非交易时间，跳过本次同步。
[2026-02-03 22:44:58.815436] \U0001f634 非交易时间，跳过本次同步。
[2026-02-03 22:49:58.826045] \U0001f634 非交易时间，跳过本次同步。
[2026-02-03 22:54:59.659372] \U0001f634 非交易时间，跳过本次同步。
[2026-02-03 23:00:00.496744] \U0001f634 非交易时间，跳过本次同步。
[2026-02-03 23:05:00.587182] \U0001f634 非交易时间，跳过本次同步。
[2026-02-03 23:10:01.468686] \U0001f634 非交易时间，跳过本次同步。
[2026-02-03 23:15:02.193085] \U0001f634 非交易时间，跳过本次同步。
[2026-02-03 23:20:03.081383] \U0001f634 非交易时间，跳过本次同步。
[2026-02-03 23:25:03.853528] \U0001f634 非交易时间，跳过本次同步。
[2026-02-03 23:30:04.693130] \U0001f634 非交易时间，跳过本次同步。
[2026-02-03 23:35:05.583121] \U0001f634 非交易时间，跳过本次同步。
[2026-02-03 23:40:06.425446] \U0001f634 非交易时间，跳过本次同步。
[2026-02-03 23:45:07.365137] \U0001f634 非交易时间，跳过本次同步。
[2026-02-03 23:50:08.313647] \U0001f634 非交易时间，跳过本次同步。
[2026-02-03 23:55:09.255255] \U0001f634 非交易时间，跳过本次同步。
[2026-02-04 00:00:10.223437] \U0001f634 非交易时间，跳过本次同步。
