========================================
\U0001f4ca 板块强度分时采集器已启动
分析维度: sw_l2 (申万二级) + em_industry (东财行业)
频率: 每 5 分钟计算一次得分并存盘
========================================
[2026-02-02 22:38:04.938389] \U0001f634 非交易时间，跳过本次任务。
[2026-02-02 22:43:05.023075] \U0001f634 非交易时间，跳过本次任务。
[2026-02-02 22:48:05.080171] \U0001f634 非交易时间，跳过本次任务。
[2026-02-02 22:53:05.243055] \U0001f634 非交易时间，跳过本次任务。
[2026-02-02 22:58:05.433545] \U0001f634 非交易时间，跳过本次任务。
[2026-02-02 23:03:05.548953] \U0001f634 非交易时间，跳过本次任务。
[2026-02-02 23:08:05.709986] \U0001f634 非交易时间，跳过本次任务。
[2026-02-02 23:13:05.742027] \U0001f634 非交易时间，跳过本次任务。
[2026-02-02 23:18:05.897466] \U0001f634 非交易时间，跳过本次任务。
[2026-02-02 23:23:06.025788] \U0001f634 非交易时间，跳过本次任务。
[2026-02-02 23:28:06.131601] \U0001f634 非交易时间，跳过本次任务。
[2026-02-02 23:33:06.290119] \U0001f634 非交易时间，跳过本次任务。
[2026-02-02 23:38:06.406194] \U0001f634 非交易时间，跳过本次任务。
[2026-02-02 23:43:06.545662] \U0001f634 非交易时间，跳过本次任务。
[2026-02-02 23:48:06.691032] \U0001f634 非交易时间，跳过本次任务。
[2026-02-02 23:53:06.829609] \U0001f634 非交易时间，跳过本次任务。
[2026-02-02 23:58:07.051418] \U0001f634 非交易时间，跳过本次任务。
[2026-02-03 00:03:07.232570] \U0001f634 非交易时间，跳过本次任务。
[2026-02-03 00:08:07.428549] \U0001f634 非交易时间，跳过本次任务。
[2026-02-03 00:13:08.424755] \U0001f634 非交易时间，跳过本次任务。
[2026-02-03 00:18:08.445192] \U0001f634 非交易时间，跳过本次任务。
[2026-02-03 00:23:09.405385] \U0001f634 非交易时间，跳过本次任务。
[2026-02-03 00:28:10.395695] \U0001f634 非交易时间，跳过本次任务。
[2026-02-03 00:33:11.400416] \U0001f634 非交易时间，跳过本次任务。
[2026-02-03 00:38:12.383713] \U0001f634 非交易时间，跳过本次任务。
[2026-02-03 00:43:12.495705] \U0001f634 非交易时间，跳过本次任务。
[2026-02-03 00:48:12.607597] \U0001f634 非交易时间，跳过本次任务。
[2026-02-03 00:53:12.753690] \U0001f634 非交易时间，跳过本次任务。
[2026-02-03 00:58:12.875083] \U0001f634 非交易时间，跳过本次任务。
[2026-02-03 01:03:12.991196] \U0001f634 非交易时间，跳过本次任务。
[2026-02-03 01:08:13.107228] \U0001f634 非交易时间，跳过本次任务。
[2026-02-03 01:13:13.220533] \U0001f634 非交易时间，跳过本次任务。
[2026-02-03 01:18:13.370211] \U0001f634 非交易时间，跳过本次任务。
[2026-02-03 01:23:13.481390] \U0001f634 非交易时间，跳过本次任务。
[2026-02-03 01:28:13.586541] \U0001f634 非交易时间，跳过本次任务。
[2026-02-03 01:33:13.724066] \U0001f634 非交易时间，跳过本次任务。
[2026-02-03 01:38:13.862307] \U0001f634 非交易时间，跳过本次任务。
[2026-02-03 01:43:14.052231] \U0001f634 非交易时间，跳过本次任务。
[2026-02-03 01:48:14.196703] \U0001f634 非交易时间，跳过本次任务。
[2026-02-03 01:53:14.394716] \U0001f634 非交易时间，跳过本次任务。
[2026-02-03 01:58:14.665715] \U0001f634 非交易时间，跳过本次任务。
[2026-02-03 02:03:14.894899] \U0001f634 非交易时间，跳过本次任务。
[2026-02-03 02:08:15.082420] \U0001f634 非交易时间，跳过本次任务。
[2026-02-03 02:13:15.124944] \U0001f634 非交易时间，跳过本次任务。
[2026-02-03 02:18:16.099212] \U0001f634 非交易时间，跳过本次任务。
[2026-02-03 02:23:17.095512] \U0001f634 非交易时间，跳过本次任务。
[2026-02-03 02:28:17.149297] \U0001f634 非交易时间，跳过本次任务。
[2026-02-03 02:33:17.271372] \U0001f634 非交易时间，跳过本次任务。
[2026-02-03 02:38:17.310069] \U0001f634 非交易时间，跳过本次任务。
[2026-02-03 02:43:17.515249] \U0001f634 非交易时间，跳过本次任务。
[2026-02-03 02:48:17.715201] \U0001f634 非交易时间，跳过本次任务。
[2026-02-03 02:53:17.931790] \U0001f634 非交易时间，跳过本次任务。
[2026-02-03 02:58:18.057082] \U0001f634 非交易时间，跳过本次任务。
[2026-02-03 03:03:18.310081] \U0001f634 非交易时间，跳过本次任务。
[2026-02-03 03:08:18.509127] \U0001f634 非交易时间，跳过本次任务。
[2026-02-03 03:13:18.669390] \U0001f634 非交易时间，跳过本次任务。
[2026-02-03 03:18:18.808495] \U0001f634 非交易时间，跳过本次任务。
[2026-02-03 03:23:18.992371] \U0001f634 非交易时间，跳过本次任务。
[2026-02-03 03:28:19.154207] \U0001f634 非交易时间，跳过本次任务。
[2026-02-03 03:33:19.175207] \U0001f634 非交易时间，跳过本次任务。
[2026-02-03 03:38:19.291191] \U0001f634 非交易时间，跳过本次任务。
[2026-02-03 03:43:19.487788] \U0001f634 非交易时间，跳过本次任务。
[2026-02-03 03:48:19.552471] \U0001f634 非交易时间，跳过本次任务。
[2026-02-03 03:53:19.718227] \U0001f634 非交易时间，跳过本次任务。
[2026-02-03 03:58:19.948219] \U0001f634 非交易时间，跳过本次任务。
[2026-02-03 04:03:20.146007] \U0001f634 非交易时间，跳过本次任务。
[2026-02-03 04:08:20.385663] \U0001f634 非交易时间，跳过本次任务。
[2026-02-03 04:13:21.349393] \U0001f634 非交易时间，跳过本次任务。
[2026-02-03 04:18:21.492424] \U0001f634 非交易时间，跳过本次任务。
[2026-02-03 04:23:21.609663] \U0001f634 非交易时间，跳过本次任务。
[2026-02-03 04:28:22.599645] \U0001f634 非交易时间，跳过本次任务。
[2026-02-03 04:33:22.755267] \U0001f634 非交易时间，跳过本次任务。
[2026-02-03 04:38:23.698754] \U0001f634 非交易时间，跳过本次任务。
[2026-02-03 04:43:23.871033] \U0001f634 非交易时间，跳过本次任务。
[2026-02-03 04:48:23.964669] \U0001f634 非交易时间，跳过本次任务。
[2026-02-03 04:53:24.060841] \U0001f634 非交易时间，跳过本次任务。
[2026-02-03 04:58:24.124932] \U0001f634 非交易时间，跳过本次任务。
[2026-02-03 05:03:24.413880] \U0001f634 非交易时间，跳过本次任务。
[2026-02-03 05:08:24.472649] \U0001f634 非交易时间，跳过本次任务。
[2026-02-03 05:13:24.680735] \U0001f634 非交易时间，跳过本次任务。
[2026-02-03 05:18:24.828953] \U0001f634 非交易时间，跳过本次任务。
[2026-02-03 05:23:25.034623] \U0001f634 非交易时间，跳过本次任务。
[2026-02-03 05:28:25.291370] \U0001f634 非交易时间，跳过本次任务。
[2026-02-03 05:33:25.398860] \U0001f634 非交易时间，跳过本次任务。
[2026-02-03 05:38:25.555185] \U0001f634 非交易时间，跳过本次任务。
[2026-02-03 05:43:25.715066] \U0001f634 非交易时间，跳过本次任务。
[2026-02-03 05:48:25.804663] \U0001f634 非交易时间，跳过本次任务。
[2026-02-03 05:53:25.932232] \U0001f634 非交易时间，跳过本次任务。
[2026-02-03 05:58:26.013923] \U0001f634 非交易时间，跳过本次任务。
[2026-02-03 06:03:26.140070] \U0001f634 非交易时间，跳过本次任务。
[2026-02-03 06:08:26.194443] \U0001f634 非交易时间，跳过本次任务。
[2026-02-03 06:13:26.368246] \U0001f634 非交易时间，跳过本次任务。
[2026-02-03 06:18:27.357234] \U0001f634 非交易时间，跳过本次任务。
[2026-02-03 06:23:27.361210] \U0001f634 非交易时间，跳过本次任务。
[2026-02-03 06:28:27.399649] \U0001f634 非交易时间，跳过本次任务。
[2026-02-03 06:33:28.345357] \U0001f634 非交易时间，跳过本次任务。
[2026-02-03 06:38:28.441335] \U0001f634 非交易时间，跳过本次任务。
[2026-02-03 06:43:28.531285] \U0001f634 非交易时间，跳过本次任务。
[2026-02-03 06:48:28.677247] \U0001f634 非交易时间，跳过本次任务。
[2026-02-03 06:53:29.002205] \U0001f634 非交易时间，跳过本次任务。
[2026-02-03 06:58:29.239312] \U0001f634 非交易时间，跳过本次任务。
[2026-02-03 07:03:29.476038] \U0001f634 非交易时间，跳过本次任务。
[2026-02-03 07:08:29.513498] \U0001f634 非交易时间，跳过本次任务。
[2026-02-03 07:13:29.751989] \U0001f634 非交易时间，跳过本次任务。
[2026-02-03 07:18:30.045138] \U0001f634 非交易时间，跳过本次任务。
[2026-02-03 07:23:30.261704] \U0001f634 非交易时间，跳过本次任务。
[2026-02-03 07:28:30.452190] \U0001f634 非交易时间，跳过本次任务。
[2026-02-03 07:33:30.652216] \U0001f634 非交易时间，跳过本次任务。
[2026-02-03 07:38:30.758233] \U0001f634 非交易时间，跳过本次任务。
[2026-02-03 07:43:30.939520] \U0001f634 非交易时间，跳过本次任务。
[2026-02-03 07:48:31.004357] \U0001f634 非交易时间，跳过本次任务。
[2026-02-03 07:53:31.276169] \U0001f634 非交易时间，跳过本次任务。
[2026-02-03 07:58:31.313351] \U0001f634 非交易时间，跳过本次任务。
[2026-02-03 08:03:31.494507] \U0001f634 非交易时间，跳过本次任务。
[2026-02-03 08:08:31.569622] \U0001f634 非交易时间，跳过本次任务。
[2026-02-03 08:13:31.590533] \U0001f634 非交易时间，跳过本次任务。
[2026-02-03 08:18:32.558674] \U0001f634 非交易时间，跳过本次任务。
[2026-02-03 08:23:32.779794] \U0001f634 非交易时间，跳过本次任务。
[2026-02-03 08:28:33.783975] \U0001f634 非交易时间，跳过本次任务。
[2026-02-03 08:33:34.772414] \U0001f634 非交易时间，跳过本次任务。
[2026-02-03 08:38:35.199037] \U0001f634 非交易时间，跳过本次任务。
[2026-02-03 08:43:35.427370] \U0001f634 非交易时间，跳过本次任务。
[2026-02-03 08:48:35.546042] \U0001f634 非交易时间，跳过本次任务。
[2026-02-03 08:53:35.761327] \U0001f634 非交易时间，跳过本次任务。
[2026-02-03 08:58:35.998581] \U0001f634 非交易时间，跳过本次任务。
[2026-02-03 09:03:36.234637] \U0001f634 非交易时间，跳过本次任务。
[2026-02-03 09:08:36.347142] \U0001f634 非交易时间，跳过本次任务。
[2026-02-03 09:13:36.547439] \U0001f634 非交易时间，跳过本次任务。
[2026-02-03 09:18:36.635679] \U0001f634 非交易时间，跳过本次任务。
[2026-02-03 09:23:36.851456] \U0001f634 非交易时间，跳过本次任务。
[2026-02-03 09:28:36.975100] \U0001f634 非交易时间，跳过本次任务。
[2026-02-03 09:33:37.061039] \U0001f680 开始执行板块强度分时统计...
\u2705 板块强度统计完成！保存 217 个板块快照 (sw_l2 + em_industry)。 (Time: 09:33:37)
[2026-02-03 09:38:48.872621] \U0001f680 开始执行板块强度分时统计...
\u2705 板块强度统计完成！保存 217 个板块快照 (sw_l2 + em_industry)。 (Time: 09:38:48)
[2026-02-03 09:43:55.775311] \U0001f680 开始执行板块强度分时统计...
\u2705 板块强度统计完成！保存 217 个板块快照 (sw_l2 + em_industry)。 (Time: 09:43:55)
[2026-02-03 09:49:03.830280] \U0001f680 开始执行板块强度分时统计...
\u2705 板块强度统计完成！保存 217 个板块快照 (sw_l2 + em_industry)。 (Time: 09:49:03)
[2026-02-03 09:54:10.940217] \U0001f680 开始执行板块强度分时统计...
\u2705 板块强度统计完成！保存 217 个板块快照 (sw_l2 + em_industry)。 (Time: 09:54:10)
[2026-02-03 09:59:17.320576] \U0001f680 开始执行板块强度分时统计...
\u2705 板块强度统计完成！保存 217 个板块快照 (sw_l2 + em_industry)。 (Time: 09:59:17)
[2026-02-03 10:04:23.557134] \U0001f680 开始执行板块强度分时统计...
\u2705 板块强度统计完成！保存 217 个板块快照 (sw_l2 + em_industry)。 (Time: 10:04:23)
[2026-02-03 10:09:30.014070] \U0001f680 开始执行板块强度分时统计...
\u2705 板块强度统计完成！保存 217 个板块快照 (sw_l2 + em_industry)。 (Time: 10:09:30)
[2026-02-03 10:14:36.373676] \U0001f680 开始执行板块强度分时统计...
\u2705 板块强度统计完成！保存 217 个板块快照 (sw_l2 + em_industry)。 (Time: 10:14:36)
[2026-02-03 10:19:53.443375] \U0001f680 开始执行板块强度分时统计...
\u2705 板块强度统计完成！保存 217 个板块快照 (sw_l2 + em_industry)。 (Time: 10:19:53)
[2026-02-03 10:26:00.778391] \U0001f680 开始执行板块强度分时统计...
\u2705 板块强度统计完成！保存 217 个板块快照 (sw_l2 + em_industry)。 (Time: 10:26:00)
[2026-02-03 10:31:07.944155] \U0001f680 开始执行板块强度分时统计...
\u2705 板块强度统计完成！保存 217 个板块快照 (sw_l2 + em_industry)。 (Time: 10:31:07)
[2026-02-03 10:36:17.212553] \U0001f680 开始执行板块强度分时统计...
\u2705 板块强度统计完成！保存 217 个板块快照 (sw_l2 + em_industry)。 (Time: 10:36:17)
[2026-02-03 10:41:23.618380] \U0001f680 开始执行板块强度分时统计...
\u2705 板块强度统计完成！保存 217 个板块快照 (sw_l2 + em_industry)。 (Time: 10:41:23)
[2026-02-03 10:46:47.683955] \U0001f680 开始执行板块强度分时统计...
\u2705 板块强度统计完成！保存 217 个板块快照 (sw_l2 + em_industry)。 (Time: 10:46:47)
[2026-02-03 10:51:55.485209] \U0001f680 开始执行板块强度分时统计...
\u2705 板块强度统计完成！保存 217 个板块快照 (sw_l2 + em_industry)。 (Time: 10:51:55)
[2026-02-03 10:57:16.497478] \U0001f680 开始执行板块强度分时统计...
\u2705 板块强度统计完成！保存 217 个板块快照 (sw_l2 + em_industry)。 (Time: 10:57:16)
[2026-02-03 11:02:32.640836] \U0001f680 开始执行板块强度分时统计...
\u2705 板块强度统计完成！保存 217 个板块快照 (sw_l2 + em_industry)。 (Time: 11:02:32)
[2026-02-03 11:07:40.111401] \U0001f680 开始执行板块强度分时统计...
\u2705 板块强度统计完成！保存 217 个板块快照 (sw_l2 + em_industry)。 (Time: 11:07:40)
[2026-02-03 11:12:46.861758] \U0001f680 开始执行板块强度分时统计...
\u2705 板块强度统计完成！保存 217 个板块快照 (sw_l2 + em_industry)。 (Time: 11:12:46)
[2026-02-03 11:17:53.548686] \U0001f680 开始执行板块强度分时统计...
\u2705 板块强度统计完成！保存 217 个板块快照 (sw_l2 + em_industry)。 (Time: 11:17:53)
[2026-02-03 11:23:00.219795] \U0001f680 开始执行板块强度分时统计...
\u2705 板块强度统计完成！保存 217 个板块快照 (sw_l2 + em_industry)。 (Time: 11:23:00)
[2026-02-03 11:28:06.656386] \U0001f680 开始执行板块强度分时统计...
\u2705 板块强度统计完成！保存 217 个板块快照 (sw_l2 + em_industry)。 (Time: 11:28:06)
[2026-02-03 11:33:13.343162] \U0001f634 非交易时间，跳过本次任务。
[2026-02-03 11:38:13.549110] \U0001f634 非交易时间，跳过本次任务。
[2026-02-03 11:43:13.685019] \U0001f634 非交易时间，跳过本次任务。
[2026-02-03 11:48:13.799263] \U0001f634 非交易时间，跳过本次任务。
[2026-02-03 11:53:14.055513] \U0001f634 非交易时间，跳过本次任务。
[2026-02-03 11:58:14.232286] \U0001f634 非交易时间，跳过本次任务。
[2026-02-03 12:03:14.329960] \U0001f634 非交易时间，跳过本次任务。
[2026-02-03 12:08:14.617797] \U0001f634 非交易时间，跳过本次任务。
[2026-02-03 12:13:14.650122] \U0001f634 非交易时间，跳过本次任务。
[2026-02-03 12:18:14.766645] \U0001f634 非交易时间，跳过本次任务。
[2026-02-03 12:23:14.839795] \U0001f634 非交易时间，跳过本次任务。
[2026-02-03 12:28:14.848730] \U0001f634 非交易时间，跳过本次任务。
[2026-02-03 12:33:14.857631] \U0001f634 非交易时间，跳过本次任务。
[2026-02-03 12:38:15.389805] \U0001f634 非交易时间，跳过本次任务。
[2026-02-03 12:43:16.397320] \U0001f634 非交易时间，跳过本次任务。
[2026-02-03 12:48:16.607308] \U0001f634 非交易时间，跳过本次任务。
[2026-02-03 12:53:16.710864] \U0001f634 非交易时间，跳过本次任务。
[2026-02-03 12:58:16.896849] \U0001f634 非交易时间，跳过本次任务。
[2026-02-03 13:03:17.859103] \U0001f680 开始执行板块强度分时统计...
\u2705 板块强度统计完成！保存 217 个板块快照 (sw_l2 + em_industry)。 (Time: 13:03:17)
[2026-02-03 13:08:37.220684] \U0001f680 开始执行板块强度分时统计...
\u2705 板块强度统计完成！保存 217 个板块快照 (sw_l2 + em_industry)。 (Time: 13:08:37)
[2026-02-03 13:13:53.898690] \U0001f680 开始执行板块强度分时统计...
\u2705 板块强度统计完成！保存 217 个板块快照 (sw_l2 + em_industry)。 (Time: 13:13:53)
[2026-02-03 13:19:02.474805] \U0001f680 开始执行板块强度分时统计...
\u2705 板块强度统计完成！保存 217 个板块快照 (sw_l2 + em_industry)。 (Time: 13:19:02)
[2026-02-03 13:24:10.567473] \U0001f680 开始执行板块强度分时统计...
\u2705 板块强度统计完成！保存 217 个板块快照 (sw_l2 + em_industry)。 (Time: 13:24:10)
[2026-02-03 13:29:18.669217] \U0001f680 开始执行板块强度分时统计...
\u2705 板块强度统计完成！保存 217 个板块快照 (sw_l2 + em_industry)。 (Time: 13:29:18)
[2026-02-03 13:34:26.641922] \U0001f680 开始执行板块强度分时统计...
\u2705 板块强度统计完成！保存 217 个板块快照 (sw_l2 + em_industry)。 (Time: 13:34:26)
[2026-02-03 13:39:35.502272] \U0001f680 开始执行板块强度分时统计...
\u2705 板块强度统计完成！保存 217 个板块快照 (sw_l2 + em_industry)。 (Time: 13:39:35)
[2026-02-03 13:44:43.393630] \U0001f680 开始执行板块强度分时统计...
\u2705 板块强度统计完成！保存 217 个板块快照 (sw_l2 + em_industry)。 (Time: 13:44:43)
[2026-02-03 13:49:50.416411] \U0001f680 开始执行板块强度分时统计...
\u2705 板块强度统计完成！保存 217 个板块快照 (sw_l2 + em_industry)。 (Time: 13:49:50)
[2026-02-03 13:54:58.384659] \U0001f680 开始执行板块强度分时统计...
\u2705 板块强度统计完成！保存 217 个板块快照 (sw_l2 + em_industry)。 (Time: 13:54:58)
[2026-02-03 14:00:05.450367] \U0001f680 开始执行板块强度分时统计...
\u2705 板块强度统计完成！保存 217 个板块快照 (sw_l2 + em_industry)。 (Time: 14:00:05)
[2026-02-03 14:05:12.867639] \U0001f680 开始执行板块强度分时统计...
\u2705 板块强度统计完成！保存 217 个板块快照 (sw_l2 + em_industry)。 (Time: 14:05:12)
[2026-02-03 14:10:19.480688] \U0001f680 开始执行板块强度分时统计...
\u2705 板块强度统计完成！保存 217 个板块快照 (sw_l2 + em_industry)。 (Time: 14:10:19)
[2026-02-03 14:15:27.144151] \U0001f680 开始执行板块强度分时统计...
\u2705 板块强度统计完成！保存 217 个板块快照 (sw_l2 + em_industry)。 (Time: 14:15:27)
[2026-02-03 14:20:34.103181] \U0001f680 开始执行板块强度分时统计...
\u2705 板块强度统计完成！保存 217 个板块快照 (sw_l2 + em_industry)。 (Time: 14:20:34)
[2026-02-03 14:25:48.388190] \U0001f680 开始执行板块强度分时统计...
\u2705 板块强度统计完成！保存 217 个板块快照 (sw_l2 + em_industry)。 (Time: 14:25:48)
[2026-02-03 14:31:01.900317] \U0001f680 开始执行板块强度分时统计...
\u2705 板块强度统计完成！保存 217 个板块快照 (sw_l2 + em_industry)。 (Time: 14:31:01)
[2026-02-03 14:36:09.558097] \U0001f680 开始执行板块强度分时统计...
\u2705 板块强度统计完成！保存 217 个板块快照 (sw_l2 + em_industry)。 (Time: 14:36:09)
[2026-02-03 14:41:16.292654] \U0001f680 开始执行板块强度分时统计...
\u2705 板块强度统计完成！保存 217 个板块快照 (sw_l2 + em_industry)。 (Time: 14:41:16)
[2026-02-03 14:46:27.225689] \U0001f680 开始执行板块强度分时统计...
\u2705 板块强度统计完成！保存 217 个板块快照 (sw_l2 + em_industry)。 (Time: 14:46:27)
[2026-02-03 14:51:34.492959] \U0001f680 开始执行板块强度分时统计...
\u2705 板块强度统计完成！保存 217 个板块快照 (sw_l2 + em_industry)。 (Time: 14:51:34)
[2026-02-03 14:56:47.124645] \U0001f680 开始执行板块强度分时统计...
\u2705 板块强度统计完成！保存 217 个板块快照 (sw_l2 + em_industry)。 (Time: 14:56:47)
[2026-02-03 15:01:58.637812] \U0001f634 非交易时间，跳过本次任务。
[2026-02-03 15:06:58.818954] \U0001f634 非交易时间，跳过本次任务。
[2026-02-03 15:11:59.073564] \U0001f634 非交易时间，跳过本次任务。
[2026-02-03 15:16:59.473524] \U0001f634 非交易时间，跳过本次任务。
[2026-02-03 15:21:59.794166] \U0001f634 非交易时间，跳过本次任务。
[2026-02-03 15:27:00.004139] \U0001f634 非交易时间，跳过本次任务。
[2026-02-03 15:32:00.248131] \U0001f634 非交易时间，跳过本次任务。
[2026-02-03 15:37:00.518761] \U0001f634 非交易时间，跳过本次任务。
[2026-02-03 15:42:00.822432] \U0001f634 非交易时间，跳过本次任务。
[2026-02-03 15:47:00.931539] \U0001f634 非交易时间，跳过本次任务。
[2026-02-03 15:52:01.064208] \U0001f634 非交易时间，跳过本次任务。
[2026-02-03 15:57:01.353132] \U0001f634 非交易时间，跳过本次任务。
[2026-02-03 16:02:01.499469] \U0001f634 非交易时间，跳过本次任务。
[2026-02-03 16:07:01.668429] \U0001f634 非交易时间，跳过本次任务。
[2026-02-03 16:12:01.840517] \U0001f634 非交易时间，跳过本次任务。
[2026-02-03 16:17:01.980031] \U0001f634 非交易时间，跳过本次任务。
[2026-02-03 16:22:02.051187] \U0001f634 非交易时间，跳过本次任务。
[2026-02-03 16:27:02.147055] \U0001f634 非交易时间，跳过本次任务。
[2026-02-03 16:32:02.282301] \U0001f634 非交易时间，跳过本次任务。
[2026-02-03 16:37:02.400556] \U0001f634 非交易时间，跳过本次任务。
[2026-02-03 16:42:02.560092] \U0001f634 非交易时间，跳过本次任务。
[2026-02-03 16:47:02.872480] \U0001f634 非交易时间，跳过本次任务。
[2026-02-03 16:52:03.119640] \U0001f634 非交易时间，跳过本次任务。
[2026-02-03 16:57:03.483644] \U0001f634 非交易时间，跳过本次任务。
[2026-02-03 17:02:03.718464] \U0001f634 非交易时间，跳过本次任务。
[2026-02-03 17:07:03.870609] \U0001f634 非交易时间，跳过本次任务。
[2026-02-03 17:12:04.074223] \U0001f634 非交易时间，跳过本次任务。
[2026-02-03 17:17:04.395129] \U0001f634 非交易时间，跳过本次任务。
[2026-02-03 17:22:04.533708] \U0001f634 非交易时间，跳过本次任务。
[2026-02-03 17:27:04.592870] \U0001f634 非交易时间，跳过本次任务。
[2026-02-03 17:32:04.832041] \U0001f634 非交易时间，跳过本次任务。
[2026-02-03 17:37:05.122651] \U0001f634 非交易时间，跳过本次任务。
[2026-02-03 17:42:05.451493] \U0001f634 非交易时间，跳过本次任务。
[2026-02-03 17:47:05.827516] \U0001f634 非交易时间，跳过本次任务。
[2026-02-03 17:52:06.080675] \U0001f634 非交易时间，跳过本次任务。
[2026-02-03 17:57:06.355077] \U0001f634 非交易时间，跳过本次任务。
[2026-02-03 18:02:06.715255] \U0001f634 非交易时间，跳过本次任务。
[2026-02-03 18:07:06.967606] \U0001f634 非交易时间，跳过本次任务。
[2026-02-03 18:12:07.103909] \U0001f634 非交易时间，跳过本次任务。
[2026-02-03 18:17:07.235639] \U0001f634 非交易时间，跳过本次任务。
[2026-02-03 18:22:07.366581] \U0001f634 非交易时间，跳过本次任务。
[2026-02-03 18:27:07.545192] \U0001f634 非交易时间，跳过本次任务。
[2026-02-03 18:32:07.607116] \U0001f634 非交易时间，跳过本次任务。
[2026-02-03 18:37:07.697679] \U0001f634 非交易时间，跳过本次任务。
[2026-02-03 18:42:07.856511] \U0001f634 非交易时间，跳过本次任务。
[2026-02-03 18:47:08.068686] \U0001f634 非交易时间，跳过本次任务。
[2026-02-03 18:52:08.310276] \U0001f634 非交易时间，跳过本次任务。
[2026-02-03 18:57:08.495248] \U0001f634 非交易时间，跳过本次任务。
[2026-02-03 19:02:08.595354] \U0001f634 非交易时间，跳过本次任务。
[2026-02-03 19:07:08.828735] \U0001f634 非交易时间，跳过本次任务。
[2026-02-03 19:12:09.127582] \U0001f634 非交易时间，跳过本次任务。
[2026-02-03 19:17:09.394099] \U0001f634 非交易时间，跳过本次任务。
[2026-02-03 19:22:09.667555] \U0001f634 非交易时间，跳过本次任务。
[2026-02-03 19:27:09.880390] \U0001f634 非交易时间，跳过本次任务。
[2026-02-03 19:32:10.131846] \U0001f634 非交易时间，跳过本次任务。
[2026-02-03 19:37:10.367088] \U0001f634 非交易时间，跳过本次任务。
[2026-02-03 19:42:10.636850] \U0001f634 非交易时间，跳过本次任务。
[2026-02-03 19:47:10.912351] \U0001f634 非交易时间，跳过本次任务。
[2026-02-03 19:52:11.194072] \U0001f634 非交易时间，跳过本次任务。
[2026-02-03 19:57:11.474542] \U0001f634 非交易时间，跳过本次任务。
[2026-02-03 20:02:11.756217] \U0001f634 非交易时间，跳过本次任务。
[2026-02-03 20:07:12.049326] \U0001f634 非交易时间，跳过本次任务。
[2026-02-03 20:12:12.096152] \U0001f634 非交易时间，跳过本次任务。
[2026-02-03 20:17:12.260268] \U0001f634 非交易时间，跳过本次任务。
[2026-02-03 20:22:12.432938] \U0001f634 非交易时间，跳过本次任务。
[2026-02-03 20:27:12.573254] \U0001f634 非交易时间，跳过本次任务。
[2026-02-03 20:32:12.766898] \U0001f634 非交易时间，跳过本次任务。
[2026-02-03 20:37:12.775038] \U0001f634 非交易时间，跳过本次任务。
[2026-02-03 20:42:12.884835] \U0001f634 非交易时间，跳过本次任务。
[2026-02-03 20:47:13.187232] \U0001f634 非交易时间，跳过本次任务。
[2026-02-03 20:52:13.444685] \U0001f634 非交易时间，跳过本次任务。
[2026-02-03 20:57:13.725116] \U0001f634 非交易时间，跳过本次任务。
[2026-02-03 21:02:13.942033] \U0001f634 非交易时间，跳过本次任务。
[2026-02-03 21:07:14.112947] \U0001f634 非交易时间，跳过本次任务。
[2026-02-03 21:12:14.471632] \U0001f634 非交易时间，跳过本次任务。
[2026-02-03 21:17:14.686140] \U0001f634 非交易时间，跳过本次任务。
[2026-02-03 21:22:15.013276] \U0001f634 非交易时间，跳过本次任务。
[2026-02-03 21:27:15.244401] \U0001f634 非交易时间，跳过本次任务。
[2026-02-03 21:32:15.396272] \U0001f634 非交易时间，跳过本次任务。
[2026-02-03 21:37:15.578817] \U0001f634 非交易时间，跳过本次任务。
[2026-02-03 21:42:15.734644] \U0001f634 非交易时间，跳过本次任务。
[2026-02-03 21:47:16.052256] \U0001f634 非交易时间，跳过本次任务。
[2026-02-03 21:52:16.319117] \U0001f634 非交易时间，跳过本次任务。
[2026-02-03 21:57:16.593040] \U0001f634 非交易时间，跳过本次任务。
[2026-02-03 22:02:16.866518] \U0001f634 非交易时间，跳过本次任务。
[2026-02-03 22:07:17.160424] \U0001f634 非交易时间，跳过本次任务。
[2026-02-03 22:12:17.360145] \U0001f634 非交易时间，跳过本次任务。
[2026-02-03 22:17:17.506159] \U0001f634 非交易时间，跳过本次任务。
[2026-02-03 22:22:17.608570] \U0001f634 非交易时间，跳过本次任务。
[2026-02-03 22:27:17.812858] \U0001f634 非交易时间，跳过本次任务。
[2026-02-03 22:32:17.912421] \U0001f634 非交易时间，跳过本次任务。
[2026-02-03 22:37:18.052568] \U0001f634 非交易时间，跳过本次任务。
[2026-02-03 22:42:18.140051] \U0001f634 非交易时间，跳过本次任务。
[2026-02-03 22:47:18.245819] \U0001f634 非交易时间，跳过本次任务。
[2026-02-03 22:52:18.293147] \U0001f634 非交易时间，跳过本次任务。
[2026-02-03 22:57:19.179700] \U0001f634 非交易时间，跳过本次任务。
[2026-02-03 23:02:20.077335] \U0001f634 非交易时间，跳过本次任务。
[2026-02-03 23:07:21.073925] \U0001f634 非交易时间，跳过本次任务。
[2026-02-03 23:12:21.821080] \U0001f634 非交易时间，跳过本次任务。
[2026-02-03 23:17:22.506638] \U0001f634 非交易时间，跳过本次任务。
[2026-02-03 23:22:23.392381] \U0001f634 非交易时间，跳过本次任务。
[2026-02-03 23:27:24.091934] \U0001f634 非交易时间，跳过本次任务。
[2026-02-03 23:32:25.027914] \U0001f634 非交易时间，跳过本次任务。
[2026-02-03 23:37:25.959100] \U0001f634 非交易时间，跳过本次任务。
[2026-02-03 23:42:26.776030] \U0001f634 非交易时间，跳过本次任务。
[2026-02-03 23:47:27.713308] \U0001f634 非交易时间，跳过本次任务。
[2026-02-03 23:52:28.629948] \U0001f634 非交易时间，跳过本次任务。
[2026-02-03 23:57:29.611716] \U0001f634 非交易时间，跳过本次任务。
[2026-02-04 00:02:30.476074] \U0001f634 非交易时间，跳过本次任务。
