========================================
\U0001f4ca 板块强度分时采集器已启动
分析维度: sw_l2 (申万二级) + em_industry (东财行业)
频率: 每 5 分钟计算一次得分并存盘
========================================
[2026-02-02 22:25:46.613832] \U0001f634 非交易时间，跳过本次任务。
[2026-02-02 22:30:47.308202] \U0001f634 非交易时间，跳过本次任务。
[2026-02-02 22:35:48.309227] \U0001f634 非交易时间，跳过本次任务。
[2026-02-02 22:40:49.154258] \U0001f634 非交易时间，跳过本次任务。
[2026-02-02 22:45:49.366094] \U0001f634 非交易时间，跳过本次任务。
[2026-02-02 22:50:49.444077] \U0001f634 非交易时间，跳过本次任务。
[2026-02-02 22:55:49.580066] \U0001f634 非交易时间，跳过本次任务。
[2026-02-02 23:00:49.744595] \U0001f634 非交易时间，跳过本次任务。
[2026-02-02 23:05:49.821686] \U0001f634 非交易时间，跳过本次任务。
[2026-02-02 23:10:50.003385] \U0001f634 非交易时间，跳过本次任务。
[2026-02-02 23:15:50.180127] \U0001f634 非交易时间，跳过本次任务。
[2026-02-02 23:20:50.292246] \U0001f634 非交易时间，跳过本次任务。
[2026-02-02 23:25:50.441528] \U0001f634 非交易时间，跳过本次任务。
[2026-02-02 23:30:50.570867] \U0001f634 非交易时间，跳过本次任务。
[2026-02-02 23:35:50.645400] \U0001f634 非交易时间，跳过本次任务。
[2026-02-02 23:40:50.746107] \U0001f634 非交易时间，跳过本次任务。
[2026-02-02 23:45:50.809314] \U0001f634 非交易时间，跳过本次任务。
[2026-02-02 23:50:50.959891] \U0001f634 非交易时间，跳过本次任务。
[2026-02-02 23:55:51.136231] \U0001f634 非交易时间，跳过本次任务。
[2026-02-03 00:00:51.364866] \U0001f634 非交易时间，跳过本次任务。
[2026-02-03 00:05:51.499437] \U0001f634 非交易时间，跳过本次任务。
[2026-02-03 00:10:51.590940] \U0001f634 非交易时间，跳过本次任务。
[2026-02-03 00:15:51.631430] \U0001f634 非交易时间，跳过本次任务。
[2026-02-03 00:20:51.632711] \U0001f634 非交易时间，跳过本次任务。
[2026-02-03 00:25:52.609894] \U0001f634 非交易时间，跳过本次任务。
[2026-02-03 00:30:53.441641] \U0001f634 非交易时间，跳过本次任务。
[2026-02-03 00:35:53.525951] \U0001f634 非交易时间，跳过本次任务。
[2026-02-03 00:40:53.610023] \U0001f634 非交易时间，跳过本次任务。
[2026-02-03 00:45:53.666306] \U0001f634 非交易时间，跳过本次任务。
[2026-02-03 00:50:53.730335] \U0001f634 非交易时间，跳过本次任务。
[2026-02-03 00:55:53.879293] \U0001f634 非交易时间，跳过本次任务。
[2026-02-03 01:00:54.046666] \U0001f634 非交易时间，跳过本次任务。
[2026-02-03 01:05:54.119238] \U0001f634 非交易时间，跳过本次任务。
[2026-02-03 01:10:54.173034] \U0001f634 非交易时间，跳过本次任务。
[2026-02-03 01:15:54.390366] \U0001f634 非交易时间，跳过本次任务。
[2026-02-03 01:20:54.562707] \U0001f634 非交易时间，跳过本次任务。
[2026-02-03 01:25:54.700493] \U0001f634 非交易时间，跳过本次任务。
[2026-02-03 01:30:54.813240] \U0001f634 非交易时间，跳过本次任务。
[2026-02-03 01:35:55.018827] \U0001f634 非交易时间，跳过本次任务。
[2026-02-03 01:40:55.142159] \U0001f634 非交易时间，跳过本次任务。
[2026-02-03 01:45:55.331613] \U0001f634 非交易时间，跳过本次任务。
[2026-02-03 01:50:55.626400] \U0001f634 非交易时间，跳过本次任务。
[2026-02-03 01:55:55.797134] \U0001f634 非交易时间，跳过本次任务。
[2026-02-03 02:00:56.031406] \U0001f634 非交易时间，跳过本次任务。
[2026-02-03 02:05:56.236895] \U0001f634 非交易时间，跳过本次任务。
[2026-02-03 02:10:56.292220] \U0001f634 非交易时间，跳过本次任务。
[2026-02-03 02:15:56.321173] \U0001f634 非交易时间，跳过本次任务。
[2026-02-03 02:20:57.286070] \U0001f634 非交易时间，跳过本次任务。
[2026-02-03 02:25:57.302281] \U0001f634 非交易时间，跳过本次任务。
[2026-02-03 02:30:57.371585] \U0001f634 非交易时间，跳过本次任务。
[2026-02-03 02:35:57.431293] \U0001f634 非交易时间，跳过本次任务。
[2026-02-03 02:40:57.550266] \U0001f634 非交易时间，跳过本次任务。
[2026-02-03 02:45:57.693997] \U0001f634 非交易时间，跳过本次任务。
[2026-02-03 02:50:57.909093] \U0001f634 非交易时间，跳过本次任务。
[2026-02-03 02:55:58.088280] \U0001f634 非交易时间，跳过本次任务。
[2026-02-03 03:00:58.270567] \U0001f634 非交易时间，跳过本次任务。
[2026-02-03 03:05:58.531315] \U0001f634 非交易时间，跳过本次任务。
[2026-02-03 03:10:58.673298] \U0001f634 非交易时间，跳过本次任务。
[2026-02-03 03:15:58.888116] \U0001f634 非交易时间，跳过本次任务。
[2026-02-03 03:20:59.193664] \U0001f634 非交易时间，跳过本次任务。
[2026-02-03 03:25:59.346986] \U0001f634 非交易时间，跳过本次任务。
[2026-02-03 03:30:59.381346] \U0001f634 非交易时间，跳过本次任务。
[2026-02-03 03:35:59.587047] \U0001f634 非交易时间，跳过本次任务。
[2026-02-03 03:40:59.723628] \U0001f634 非交易时间，跳过本次任务。
[2026-02-03 03:45:59.843221] \U0001f634 非交易时间，跳过本次任务。
[2026-02-03 03:51:00.019682] \U0001f634 非交易时间，跳过本次任务。
[2026-02-03 03:56:00.241340] \U0001f634 非交易时间，跳过本次任务。
[2026-02-03 04:01:00.371070] \U0001f634 非交易时间，跳过本次任务。
[2026-02-03 04:06:00.576131] \U0001f634 非交易时间，跳过本次任务。
[2026-02-03 04:11:00.678414] \U0001f634 非交易时间，跳过本次任务。
[2026-02-03 04:16:00.737508] \U0001f634 非交易时间，跳过本次任务。
[2026-02-03 04:21:00.944516] \U0001f634 非交易时间，跳过本次任务。
[2026-02-03 04:26:00.948306] \U0001f634 非交易时间，跳过本次任务。
[2026-02-03 04:31:01.026566] \U0001f634 非交易时间，跳过本次任务。
[2026-02-03 04:36:02.002133] \U0001f634 非交易时间，跳过本次任务。
[2026-02-03 04:41:02.989502] \U0001f634 非交易时间，跳过本次任务。
[2026-02-03 04:46:03.088348] \U0001f634 非交易时间，跳过本次任务。
[2026-02-03 04:51:03.242586] \U0001f634 非交易时间，跳过本次任务。
[2026-02-03 04:56:03.316537] \U0001f634 非交易时间，跳过本次任务。
[2026-02-03 05:01:03.442963] \U0001f634 非交易时间，跳过本次任务。
[2026-02-03 05:06:03.666258] \U0001f634 非交易时间，跳过本次任务。
[2026-02-03 05:11:03.797267] \U0001f634 非交易时间，跳过本次任务。
[2026-02-03 05:16:03.902003] \U0001f634 非交易时间，跳过本次任务。
[2026-02-03 05:21:04.046278] \U0001f634 非交易时间，跳过本次任务。
[2026-02-03 05:26:04.224951] \U0001f634 非交易时间，跳过本次任务。
[2026-02-03 05:31:04.375053] \U0001f634 非交易时间，跳过本次任务。
[2026-02-03 05:36:04.454088] \U0001f634 非交易时间，跳过本次任务。
[2026-02-03 05:41:04.714993] \U0001f634 非交易时间，跳过本次任务。
[2026-02-03 05:46:04.833289] \U0001f634 非交易时间，跳过本次任务。
[2026-02-03 05:51:04.954375] \U0001f634 非交易时间，跳过本次任务。
[2026-02-03 05:56:05.044192] \U0001f634 非交易时间，跳过本次任务。
[2026-02-03 06:01:05.141343] \U0001f634 非交易时间，跳过本次任务。
[2026-02-03 06:06:05.270784] \U0001f634 非交易时间，跳过本次任务。
[2026-02-03 06:11:05.297875] \U0001f634 非交易时间，跳过本次任务。
[2026-02-03 06:16:05.331907] \U0001f634 非交易时间，跳过本次任务。
[2026-02-03 06:21:05.387189] \U0001f634 非交易时间，跳过本次任务。
[2026-02-03 06:26:06.345335] \U0001f634 非交易时间，跳过本次任务。
[2026-02-03 06:31:06.389465] \U0001f634 非交易时间，跳过本次任务。
[2026-02-03 06:36:07.357499] \U0001f634 非交易时间，跳过本次任务。
[2026-02-03 06:41:07.422396] \U0001f634 非交易时间，跳过本次任务。
[2026-02-03 06:46:07.714669] \U0001f634 非交易时间，跳过本次任务。
[2026-02-03 06:51:07.965063] \U0001f634 非交易时间，跳过本次任务。
[2026-02-03 06:56:08.248631] \U0001f634 非交易时间，跳过本次任务。
[2026-02-03 07:01:08.553270] \U0001f634 非交易时间，跳过本次任务。
[2026-02-03 07:06:08.767596] \U0001f634 非交易时间，跳过本次任务。
[2026-02-03 07:11:08.890360] \U0001f634 非交易时间，跳过本次任务。
[2026-02-03 07:16:09.069811] \U0001f634 非交易时间，跳过本次任务。
[2026-02-03 07:21:09.222560] \U0001f634 非交易时间，跳过本次任务。
[2026-02-03 07:26:09.490104] \U0001f634 非交易时间，跳过本次任务。
[2026-02-03 07:31:09.713218] \U0001f634 非交易时间，跳过本次任务。
[2026-02-03 07:36:09.891012] \U0001f634 非交易时间，跳过本次任务。
[2026-02-03 07:41:10.005790] \U0001f634 非交易时间，跳过本次任务。
[2026-02-03 07:46:10.165133] \U0001f634 非交易时间，跳过本次任务。
[2026-02-03 07:51:10.297291] \U0001f634 非交易时间，跳过本次任务。
[2026-02-03 07:56:10.493381] \U0001f634 非交易时间，跳过本次任务。
[2026-02-03 08:01:10.665351] \U0001f634 非交易时间，跳过本次任务。
[2026-02-03 08:06:10.841049] \U0001f634 非交易时间，跳过本次任务。
[2026-02-03 08:11:10.959699] \U0001f634 非交易时间，跳过本次任务。
[2026-02-03 08:16:10.991157] \U0001f634 非交易时间，跳过本次任务。
[2026-02-03 08:21:11.163625] \U0001f634 非交易时间，跳过本次任务。
[2026-02-03 08:26:11.216621] \U0001f634 非交易时间，跳过本次任务。
[2026-02-03 08:31:11.313225] \U0001f634 非交易时间，跳过本次任务。
[2026-02-03 08:36:12.279805] \U0001f634 非交易时间，跳过本次任务。
[2026-02-03 08:41:12.446047] \U0001f634 非交易时间，跳过本次任务。
[2026-02-03 08:46:12.656499] \U0001f634 非交易时间，跳过本次任务。
[2026-02-03 08:51:12.890417] \U0001f634 非交易时间，跳过本次任务。
[2026-02-03 08:56:13.039150] \U0001f634 非交易时间，跳过本次任务。
[2026-02-03 09:01:13.198318] \U0001f634 非交易时间，跳过本次任务。
[2026-02-03 09:06:13.277674] \U0001f634 非交易时间，跳过本次任务。
[2026-02-03 09:11:13.502321] \U0001f634 非交易时间，跳过本次任务。
[2026-02-03 09:16:13.572360] \U0001f634 非交易时间，跳过本次任务。
[2026-02-03 09:21:13.738946] \U0001f634 非交易时间，跳过本次任务。
[2026-02-03 09:26:13.901454] \U0001f634 非交易时间，跳过本次任务。
[2026-02-03 09:31:13.967573] \U0001f680 开始执行板块强度分时统计...
\u2705 板块强度统计完成！保存 217 个板块快照 (sw_l2 + em_industry)。 (Time: 09:31:13)
[2026-02-03 09:36:28.175621] \U0001f680 开始执行板块强度分时统计...
\u2705 板块强度统计完成！保存 217 个板块快照 (sw_l2 + em_industry)。 (Time: 09:36:28)
[2026-02-03 09:41:34.671920] \U0001f680 开始执行板块强度分时统计...
\u2705 板块强度统计完成！保存 217 个板块快照 (sw_l2 + em_industry)。 (Time: 09:41:34)
[2026-02-03 09:46:41.319376] \U0001f680 开始执行板块强度分时统计...
\u2705 板块强度统计完成！保存 217 个板块快照 (sw_l2 + em_industry)。 (Time: 09:46:41)
[2026-02-03 09:51:48.211591] \U0001f680 开始执行板块强度分时统计...
\u2705 板块强度统计完成！保存 217 个板块快照 (sw_l2 + em_industry)。 (Time: 09:51:48)
[2026-02-03 09:56:54.936231] \U0001f680 开始执行板块强度分时统计...
\u2705 板块强度统计完成！保存 213 个板块快照 (sw_l2 + em_industry)。 (Time: 09:56:54)
[2026-02-03 10:02:45.203310] \U0001f680 开始执行板块强度分时统计...
\u2705 板块强度统计完成！保存 217 个板块快照 (sw_l2 + em_industry)。 (Time: 10:02:45)
[2026-02-03 10:07:51.578096] \U0001f680 开始执行板块强度分时统计...
\u2705 板块强度统计完成！保存 217 个板块快照 (sw_l2 + em_industry)。 (Time: 10:07:51)
[2026-02-03 10:12:58.950656] \U0001f680 开始执行板块强度分时统计...
\u2705 板块强度统计完成！保存 179 个板块快照 (sw_l2 + em_industry)。 (Time: 10:12:58)
[2026-02-03 10:18:55.732880] \U0001f680 开始执行板块强度分时统计...
\u2705 板块强度统计完成！保存 217 个板块快照 (sw_l2 + em_industry)。 (Time: 10:18:55)
[2026-02-03 10:24:41.615525] \U0001f680 开始执行板块强度分时统计...
\u2705 板块强度统计完成！保存 217 个板块快照 (sw_l2 + em_industry)。 (Time: 10:24:41)
[2026-02-03 10:29:49.564498] \U0001f680 开始执行板块强度分时统计...
\u2705 板块强度统计完成！保存 217 个板块快照 (sw_l2 + em_industry)。 (Time: 10:29:49)
[2026-02-03 10:34:57.631594] \U0001f680 开始执行板块强度分时统计...
\u2705 板块强度统计完成！保存 217 个板块快照 (sw_l2 + em_industry)。 (Time: 10:34:57)
[2026-02-03 10:40:10.371444] \U0001f680 开始执行板块强度分时统计...
\u2705 板块强度统计完成！保存 217 个板块快照 (sw_l2 + em_industry)。 (Time: 10:40:10)
[2026-02-03 10:45:42.492461] \U0001f680 开始执行板块强度分时统计...
\u2705 板块强度统计完成！保存 217 个板块快照 (sw_l2 + em_industry)。 (Time: 10:45:42)
[2026-02-03 10:50:48.883324] \U0001f680 开始执行板块强度分时统计...
\u2705 板块强度统计完成！保存 217 个板块快照 (sw_l2 + em_industry)。 (Time: 10:50:48)
[2026-02-03 10:55:55.235707] \U0001f680 开始执行板块强度分时统计...
\u2705 板块强度统计完成！保存 217 个板块快照 (sw_l2 + em_industry)。 (Time: 10:55:55)
[2026-02-03 11:01:03.385119] \U0001f680 开始执行板块强度分时统计...
\u2705 板块强度统计完成！保存 217 个板块快照 (sw_l2 + em_industry)。 (Time: 11:01:03)
[2026-02-03 11:06:18.419624] \U0001f680 开始执行板块强度分时统计...
\u2705 板块强度统计完成！保存 217 个板块快照 (sw_l2 + em_industry)。 (Time: 11:06:18)
[2026-02-03 11:11:24.668654] \U0001f680 开始执行板块强度分时统计...
\u2705 板块强度统计完成！保存 217 个板块快照 (sw_l2 + em_industry)。 (Time: 11:11:24)
[2026-02-03 11:16:31.061549] \U0001f680 开始执行板块强度分时统计...
\u2705 板块强度统计完成！保存 217 个板块快照 (sw_l2 + em_industry)。 (Time: 11:16:31)
[2026-02-03 11:21:37.612387] \U0001f680 开始执行板块强度分时统计...
\u2705 板块强度统计完成！保存 217 个板块快照 (sw_l2 + em_industry)。 (Time: 11:21:37)
[2026-02-03 11:26:43.963777] \U0001f680 开始执行板块强度分时统计...
\u2705 板块强度统计完成！保存 217 个板块快照 (sw_l2 + em_industry)。 (Time: 11:26:43)
[2026-02-03 11:31:50.396663] \U0001f634 非交易时间，跳过本次任务。
[2026-02-03 11:36:50.445198] \U0001f634 非交易时间，跳过本次任务。
[2026-02-03 11:41:50.652232] \U0001f634 非交易时间，跳过本次任务。
[2026-02-03 11:46:50.784283] \U0001f634 非交易时间，跳过本次任务。
[2026-02-03 11:51:50.933937] \U0001f634 非交易时间，跳过本次任务。
[2026-02-03 11:56:50.982077] \U0001f634 非交易时间，跳过本次任务。
[2026-02-03 12:01:51.090241] \U0001f634 非交易时间，跳过本次任务。
[2026-02-03 12:06:51.317330] \U0001f634 非交易时间，跳过本次任务。
[2026-02-03 12:11:52.318409] \U0001f634 非交易时间，跳过本次任务。
[2026-02-03 12:16:52.385987] \U0001f634 非交易时间，跳过本次任务。
[2026-02-03 12:21:52.514348] \U0001f634 非交易时间，跳过本次任务。
[2026-02-03 12:26:53.500216] \U0001f634 非交易时间，跳过本次任务。
[2026-02-03 12:31:53.545848] \U0001f634 非交易时间，跳过本次任务。
[2026-02-03 12:36:54.281590] \U0001f634 非交易时间，跳过本次任务。
[2026-02-03 12:41:55.250023] \U0001f634 非交易时间，跳过本次任务。
[2026-02-03 12:46:55.502555] \U0001f634 非交易时间，跳过本次任务。
[2026-02-03 12:51:55.547302] \U0001f634 非交易时间，跳过本次任务。
[2026-02-03 12:56:55.694266] \U0001f634 非交易时间，跳过本次任务。
[2026-02-03 13:01:56.556708] \U0001f680 开始执行板块强度分时统计...
\u2705 板块强度统计完成！保存 217 个板块快照 (sw_l2 + em_industry)。 (Time: 13:01:56)
[2026-02-03 13:07:05.501898] \U0001f680 开始执行板块强度分时统计...
\u2705 板块强度统计完成！保存 217 个板块快照 (sw_l2 + em_industry)。 (Time: 13:07:05)
[2026-02-03 13:12:13.400401] \U0001f680 开始执行板块强度分时统计...
\u2705 板块强度统计完成！保存 217 个板块快照 (sw_l2 + em_industry)。 (Time: 13:12:13)
[2026-02-03 13:17:22.160965] \U0001f680 开始执行板块强度分时统计...
\u2705 板块强度统计完成！保存 217 个板块快照 (sw_l2 + em_industry)。 (Time: 13:17:22)
[2026-02-03 13:22:28.677284] \U0001f680 开始执行板块强度分时统计...
\u2705 板块强度统计完成！保存 217 个板块快照 (sw_l2 + em_industry)。 (Time: 13:22:28)
[2026-02-03 13:27:36.042711] \U0001f680 开始执行板块强度分时统计...
\u2705 板块强度统计完成！保存 217 个板块快照 (sw_l2 + em_industry)。 (Time: 13:27:36)
[2026-02-03 13:32:43.677488] \U0001f680 开始执行板块强度分时统计...
\u2705 板块强度统计完成！保存 217 个板块快照 (sw_l2 + em_industry)。 (Time: 13:32:43)
[2026-02-03 13:37:51.862074] \U0001f680 开始执行板块强度分时统计...
\u2705 板块强度统计完成！保存 217 个板块快照 (sw_l2 + em_industry)。 (Time: 13:37:51)
[2026-02-03 13:42:58.759213] \U0001f680 开始执行板块强度分时统计...
\u2705 板块强度统计完成！保存 217 个板块快照 (sw_l2 + em_industry)。 (Time: 13:42:58)
[2026-02-03 13:48:05.702781] \U0001f680 开始执行板块强度分时统计...
\u2705 板块强度统计完成！保存 217 个板块快照 (sw_l2 + em_industry)。 (Time: 13:48:05)
[2026-02-03 13:53:14.496208] \U0001f680 开始执行板块强度分时统计...
\u2705 板块强度统计完成！保存 217 个板块快照 (sw_l2 + em_industry)。 (Time: 13:53:14)
[2026-02-03 13:58:24.047036] \U0001f680 开始执行板块强度分时统计...
\u2705 板块强度统计完成！保存 217 个板块快照 (sw_l2 + em_industry)。 (Time: 13:58:24)
[2026-02-03 14:03:32.939560] \U0001f680 开始执行板块强度分时统计...
\u2705 板块强度统计完成！保存 217 个板块快照 (sw_l2 + em_industry)。 (Time: 14:03:32)
[2026-02-03 14:08:40.550219] \U0001f680 开始执行板块强度分时统计...
\u2705 板块强度统计完成！保存 217 个板块快照 (sw_l2 + em_industry)。 (Time: 14:08:40)
[2026-02-03 14:13:49.252311] \U0001f680 开始执行板块强度分时统计...
\u2705 板块强度统计完成！保存 217 个板块快照 (sw_l2 + em_industry)。 (Time: 14:13:49)
[2026-02-03 14:19:01.272356] \U0001f680 开始执行板块强度分时统计...
\u2705 板块强度统计完成！保存 217 个板块快照 (sw_l2 + em_industry)。 (Time: 14:19:01)
[2026-02-03 14:24:10.515167] \U0001f680 开始执行板块强度分时统计...
\u2705 板块强度统计完成！保存 217 个板块快照 (sw_l2 + em_industry)。 (Time: 14:24:10)
[2026-02-03 14:29:19.353941] \U0001f680 开始执行板块强度分时统计...
\u2705 板块强度统计完成！保存 217 个板块快照 (sw_l2 + em_industry)。 (Time: 14:29:19)
[2026-02-03 14:34:48.326719] \U0001f680 开始执行板块强度分时统计...
\u2705 板块强度统计完成！保存 217 个板块快照 (sw_l2 + em_industry)。 (Time: 14:34:48)
[2026-02-03 14:39:55.124243] \U0001f680 开始执行板块强度分时统计...
\u2705 板块强度统计完成！保存 217 个板块快照 (sw_l2 + em_industry)。 (Time: 14:39:55)
[2026-02-03 14:45:05.262452] \U0001f680 开始执行板块强度分时统计...
\u2705 板块强度统计完成！保存 217 个板块快照 (sw_l2 + em_industry)。 (Time: 14:45:05)
[2026-02-03 14:50:20.837621] \U0001f680 开始执行板块强度分时统计...
\u2705 板块强度统计完成！保存 217 个板块快照 (sw_l2 + em_industry)。 (Time: 14:50:20)
[2026-02-03 14:55:29.603424] \U0001f680 开始执行板块强度分时统计...
\u2705 板块强度统计完成！保存 217 个板块快照 (sw_l2 + em_industry)。 (Time: 14:55:29)
[2026-02-03 15:00:36.663792] \U0001f680 开始执行板块强度分时统计...
\u2705 板块强度统计完成！保存 217 个板块快照 (sw_l2 + em_industry)。 (Time: 15:00:36)
[2026-02-03 15:05:44.624929] \U0001f634 非交易时间，跳过本次任务。
[2026-02-03 15:10:44.890875] \U0001f634 非交易时间，跳过本次任务。
[2026-02-03 15:15:45.165509] \U0001f634 非交易时间，跳过本次任务。
[2026-02-03 15:20:45.414698] \U0001f634 非交易时间，跳过本次任务。
[2026-02-03 15:25:45.687589] \U0001f634 非交易时间，跳过本次任务。
[2026-02-03 15:30:45.946864] \U0001f634 非交易时间，跳过本次任务。
[2026-02-03 15:35:46.194923] \U0001f634 非交易时间，跳过本次任务。
[2026-02-03 15:40:46.481066] \U0001f634 非交易时间，跳过本次任务。
[2026-02-03 15:45:46.613340] \U0001f634 非交易时间，跳过本次任务。
[2026-02-03 15:50:46.874685] \U0001f634 非交易时间，跳过本次任务。
[2026-02-03 15:55:47.042704] \U0001f634 非交易时间，跳过本次任务。
[2026-02-03 16:00:47.352179] \U0001f634 非交易时间，跳过本次任务。
[2026-02-03 16:05:47.576248] \U0001f634 非交易时间，跳过本次任务。
[2026-02-03 16:10:47.818555] \U0001f634 非交易时间，跳过本次任务。
[2026-02-03 16:15:47.975283] \U0001f634 非交易时间，跳过本次任务。
[2026-02-03 16:20:48.105407] \U0001f634 非交易时间，跳过本次任务。
[2026-02-03 16:25:48.302548] \U0001f634 非交易时间，跳过本次任务。
[2026-02-03 16:30:48.434583] \U0001f634 非交易时间，跳过本次任务。
[2026-02-03 16:35:48.606695] \U0001f634 非交易时间，跳过本次任务。
[2026-02-03 16:40:48.730183] \U0001f634 非交易时间，跳过本次任务。
[2026-02-03 16:45:49.052273] \U0001f634 非交易时间，跳过本次任务。
[2026-02-03 16:50:49.327151] \U0001f634 非交易时间，跳过本次任务。
[2026-02-03 16:55:49.658500] \U0001f634 非交易时间，跳过本次任务。
[2026-02-03 17:00:49.911558] \U0001f634 非交易时间，跳过本次任务。
[2026-02-03 17:05:50.246069] \U0001f634 非交易时间，跳过本次任务。
[2026-02-03 17:10:50.532386] \U0001f634 非交易时间，跳过本次任务。
[2026-02-03 17:15:50.867284] \U0001f634 非交易时间，跳过本次任务。
[2026-02-03 17:20:50.994317] \U0001f634 非交易时间，跳过本次任务。
[2026-02-03 17:25:51.094491] \U0001f634 非交易时间，跳过本次任务。
[2026-02-03 17:30:51.338190] \U0001f634 非交易时间，跳过本次任务。
[2026-02-03 17:35:51.563289] \U0001f634 非交易时间，跳过本次任务。
[2026-02-03 17:40:51.824706] \U0001f634 非交易时间，跳过本次任务。
[2026-02-03 17:45:52.111530] \U0001f634 非交易时间，跳过本次任务。
[2026-02-03 17:50:52.390080] \U0001f634 非交易时间，跳过本次任务。
[2026-02-03 17:55:52.545572] \U0001f634 非交易时间，跳过本次任务。
[2026-02-03 18:00:52.952184] \U0001f634 非交易时间，跳过本次任务。
[2026-02-03 18:05:53.338461] \U0001f634 非交易时间，跳过本次任务。
[2026-02-03 18:10:53.508288] \U0001f634 非交易时间，跳过本次任务。
[2026-02-03 18:15:53.608179] \U0001f634 非交易时间，跳过本次任务。
[2026-02-03 18:20:53.845165] \U0001f634 非交易时间，跳过本次任务。
[2026-02-03 18:25:53.972991] \U0001f634 非交易时间，跳过本次任务。
[2026-02-03 18:30:54.057351] \U0001f634 非交易时间，跳过本次任务。
[2026-02-03 18:35:54.244256] \U0001f634 非交易时间，跳过本次任务。
[2026-02-03 18:40:54.444401] \U0001f634 非交易时间，跳过本次任务。
[2026-02-03 18:45:54.681097] \U0001f634 非交易时间，跳过本次任务。
[2026-02-03 18:50:54.931220] \U0001f634 非交易时间，跳过本次任务。
[2026-02-03 18:55:55.250735] \U0001f634 非交易时间，跳过本次任务。
[2026-02-03 19:00:55.538153] \U0001f634 非交易时间，跳过本次任务。
[2026-02-03 19:05:55.765151] \U0001f634 非交易时间，跳过本次任务。
[2026-02-03 19:10:56.159046] \U0001f634 非交易时间，跳过本次任务。
[2026-02-03 19:15:56.360586] \U0001f634 非交易时间，跳过本次任务。
[2026-02-03 19:20:56.458271] \U0001f634 非交易时间，跳过本次任务。
[2026-02-03 19:25:56.790203] \U0001f634 非交易时间，跳过本次任务。
[2026-02-03 19:30:57.051164] \U0001f634 非交易时间，跳过本次任务。
[2026-02-03 19:35:57.383820] \U0001f634 非交易时间，跳过本次任务。
[2026-02-03 19:40:57.733205] \U0001f634 非交易时间，跳过本次任务。
[2026-02-03 19:45:57.991162] \U0001f634 非交易时间，跳过本次任务。
[2026-02-03 19:50:58.280954] \U0001f634 非交易时间，跳过本次任务。
[2026-02-03 19:55:58.591126] \U0001f634 非交易时间，跳过本次任务。
[2026-02-03 20:00:58.845210] \U0001f634 非交易时间，跳过本次任务。
[2026-02-03 20:05:59.093412] \U0001f634 非交易时间，跳过本次任务。
[2026-02-03 20:10:59.278216] \U0001f634 非交易时间，跳过本次任务。
[2026-02-03 20:15:59.466007] \U0001f634 非交易时间，跳过本次任务。
[2026-02-03 20:20:59.596321] \U0001f634 非交易时间，跳过本次任务。
[2026-02-03 20:25:59.703210] \U0001f634 非交易时间，跳过本次任务。
[2026-02-03 20:30:59.831931] \U0001f634 非交易时间，跳过本次任务。
[2026-02-03 20:35:59.975786] \U0001f634 非交易时间，跳过本次任务。
[2026-02-03 20:41:00.099895] \U0001f634 非交易时间，跳过本次任务。
[2026-02-03 20:46:00.272583] \U0001f634 非交易时间，跳过本次任务。
[2026-02-03 20:51:00.530849] \U0001f634 非交易时间，跳过本次任务。
[2026-02-03 20:56:00.672705] \U0001f634 非交易时间，跳过本次任务。
[2026-02-03 21:01:00.921163] \U0001f634 非交易时间，跳过本次任务。
[2026-02-03 21:06:01.103224] \U0001f634 非交易时间，跳过本次任务。
[2026-02-03 21:11:01.326312] \U0001f634 非交易时间，跳过本次任务。
[2026-02-03 21:16:01.478281] \U0001f634 非交易时间，跳过本次任务。
[2026-02-03 21:21:01.916802] \U0001f634 非交易时间，跳过本次任务。
[2026-02-03 21:26:02.167237] \U0001f634 非交易时间，跳过本次任务。
[2026-02-03 21:31:02.498312] \U0001f634 非交易时间，跳过本次任务。
[2026-02-03 21:36:02.767477] \U0001f634 非交易时间，跳过本次任务。
[2026-02-03 21:41:03.024658] \U0001f634 非交易时间，跳过本次任务。
[2026-02-03 21:46:03.237911] \U0001f634 非交易时间，跳过本次任务。
[2026-02-03 21:51:03.533068] \U0001f634 非交易时间，跳过本次任务。
[2026-02-03 21:56:03.764721] \U0001f634 非交易时间，跳过本次任务。
[2026-02-03 22:01:04.046365] \U0001f634 非交易时间，跳过本次任务。
[2026-02-03 22:06:04.281168] \U0001f634 非交易时间，跳过本次任务。
[2026-02-03 22:11:04.486718] \U0001f634 非交易时间，跳过本次任务。
[2026-02-03 22:16:04.690518] \U0001f634 非交易时间，跳过本次任务。
[2026-02-03 22:21:04.866223] \U0001f634 非交易时间，跳过本次任务。
[2026-02-03 22:26:04.979401] \U0001f634 非交易时间，跳过本次任务。
[2026-02-03 22:31:05.178346] \U0001f634 非交易时间，跳过本次任务。
[2026-02-03 22:36:05.347221] \U0001f634 非交易时间，跳过本次任务。
[2026-02-03 22:41:05.484317] \U0001f634 非交易时间，跳过本次任务。
[2026-02-03 22:46:05.722611] \U0001f634 非交易时间，跳过本次任务。
[2026-02-03 22:51:06.711256] \U0001f634 非交易时间，跳过本次任务。
[2026-02-03 22:56:07.623245] \U0001f634 非交易时间，跳过本次任务。
[2026-02-03 23:01:08.469052] \U0001f634 非交易时间，跳过本次任务。
[2026-02-03 23:06:08.553284] \U0001f634 非交易时间，跳过本次任务。
[2026-02-03 23:11:09.325311] \U0001f634 非交易时间，跳过本次任务。
[2026-02-03 23:16:10.022204] \U0001f634 非交易时间，跳过本次任务。
[2026-02-03 23:21:10.812620] \U0001f634 非交易时间，跳过本次任务。
[2026-02-03 23:26:11.555581] \U0001f634 非交易时间，跳过本次任务。
[2026-02-03 23:31:12.535933] \U0001f634 非交易时间，跳过本次任务。
[2026-02-03 23:36:13.514796] \U0001f634 非交易时间，跳过本次任务。
[2026-02-03 23:41:14.354355] \U0001f634 非交易时间，跳过本次任务。
[2026-02-03 23:46:15.304244] \U0001f634 非交易时间，跳过本次任务。
[2026-02-03 23:51:16.179830] \U0001f634 非交易时间，跳过本次任务。
[2026-02-03 23:56:17.110829] \U0001f634 非交易时间，跳过本次任务。
[2026-02-04 00:01:17.961259] \U0001f634 非交易时间，跳过本次任务。
